0 verbose cli /opt/homebrew/Cellar/node/26.0.0/bin/node /opt/homebrew/bin/npm
1 info using npm@11.12.1
2 info using node@v26.0.0
3 silly config load:file:/opt/homebrew/lib/node_modules/npm/npmrc
4 silly config load:file:/Users/admin/Downloads/saudi-pool-services/frontend/.npmrc
5 silly config load:file:/Users/admin/.npmrc
6 silly config load:file:/opt/homebrew/etc/npmrc
7 verbose title npm install
8 verbose argv "install" "--legacy-peer-deps" "--cache" ".npm-cache"
9 verbose logfile logs-max:10 dir:/Users/admin/Downloads/saudi-pool-services/frontend/.npm-cache/_logs/2026-06-25T15_13_27_925Z-
10 verbose logfile /Users/admin/Downloads/saudi-pool-services/frontend/.npm-cache/_logs/2026-06-25T15_13_27_925Z-debug-0.log
11 silly logfile done cleaning log files
12 silly packumentCache heap:4395630592 maxSize:1098907648 maxEntrySize:549453824
13 silly idealTree buildDeps
14 silly fetch manifest ajv@^8.20.0
15 silly packumentCache full:https://registry.npmjs.org/ajv cache-miss
16 http fetch GET 200 https://registry.npmjs.org/ajv 509ms (cache revalidated)
17 silly packumentCache full:https://registry.npmjs.org/ajv set size:1142658 disposed:false
18 silly placeDep ROOT ajv@8.20.0 REPLACE for: @eslint/eslintrc@3.3.5 want: ^8.20.0
19 silly fetch manifest json-schema-traverse@^1.0.0
20 silly packumentCache full:https://registry.npmjs.org/json-schema-traverse cache-miss
21 http cache https://registry.npmjs.org/json-schema-traverse 3ms (cache hit)
22 silly packumentCache full:https://registry.npmjs.org/json-schema-traverse set size:23537 disposed:false
23 silly placeDep ROOT json-schema-traverse@1.0.0 OK for: ajv@8.20.0 want: ^1.0.0
24 silly reify mark retired [
24 silly reify   '/Users/admin/Downloads/saudi-pool-services/frontend/node_modules/ajv'
24 silly reify ]
25 silly reify mark retired [
25 silly reify   '/Users/admin/Downloads/saudi-pool-services/frontend/node_modules/ajv-formats/node_modules/ajv'
25 silly reify ]
26 silly reify mark retired [
26 silly reify   '/Users/admin/Downloads/saudi-pool-services/frontend/node_modules/ajv-formats/node_modules/json-schema-traverse'
26 silly reify ]
27 silly reify mark retired [
27 silly reify   '/Users/admin/Downloads/saudi-pool-services/frontend/node_modules/json-schema-traverse'
27 silly reify ]
28 silly reify mark retired [
28 silly reify   '/Users/admin/Downloads/saudi-pool-services/frontend/node_modules/schema-utils/node_modules/ajv'
28 silly reify ]
29 silly reify mark retired [
29 silly reify   '/Users/admin/Downloads/saudi-pool-services/frontend/node_modules/schema-utils/node_modules/json-schema-traverse'
29 silly reify ]
30 silly reify mark retired [
30 silly reify   '/Users/admin/Downloads/saudi-pool-services/frontend/node_modules/uri-js'
30 silly reify ]
31 silly reify mark retired [
31 silly reify   '/Users/admin/Downloads/saudi-pool-services/frontend/node_modules/workbox-build/node_modules/ajv'
31 silly reify ]
32 silly reify mark retired [
32 silly reify   '/Users/admin/Downloads/saudi-pool-services/frontend/node_modules/workbox-build/node_modules/json-schema-traverse'
32 silly reify ]
33 silly reify moves {
33 silly reify   '/Users/admin/Downloads/saudi-pool-services/frontend/node_modules/ajv': '/Users/admin/Downloads/saudi-pool-services/frontend/node_modules/.ajv-czfCxiwc',
33 silly reify   '/Users/admin/Downloads/saudi-pool-services/frontend/node_modules/ajv-formats/node_modules/ajv': '/Users/admin/Downloads/saudi-pool-services/frontend/node_modules/ajv-formats/node_modules/.ajv-Xltr4UwE',
33 silly reify   '/Users/admin/Downloads/saudi-pool-services/frontend/node_modules/ajv-formats/node_modules/json-schema-traverse': '/Users/admin/Downloads/saudi-pool-services/frontend/node_modules/ajv-formats/node_modules/.json-schema-traverse-dufaNqK8',
33 silly reify   '/Users/admin/Downloads/saudi-pool-services/frontend/node_modules/json-schema-traverse': '/Users/admin/Downloads/saudi-pool-services/frontend/node_modules/.json-schema-traverse-itPFSXTm',
33 silly reify   '/Users/admin/Downloads/saudi-pool-services/frontend/node_modules/schema-utils/node_modules/ajv': '/Users/admin/Downloads/saudi-pool-services/frontend/node_modules/schema-utils/node_modules/.ajv-gyfgPHs3',
33 silly reify   '/Users/admin/Downloads/saudi-pool-services/frontend/node_modules/schema-utils/node_modules/json-schema-traverse': '/Users/admin/Downloads/saudi-pool-services/frontend/node_modules/schema-utils/node_modules/.json-schema-traverse-PCqjtxQp',
33 silly reify   '/Users/admin/Downloads/saudi-pool-services/frontend/node_modules/uri-js': '/Users/admin/Downloads/saudi-pool-services/frontend/node_modules/.uri-js-BxcU79nF',
33 silly reify   '/Users/admin/Downloads/saudi-pool-services/frontend/node_modules/workbox-build/node_modules/ajv': '/Users/admin/Downloads/saudi-pool-services/frontend/node_modules/workbox-build/node_modules/.ajv-OEMYsc08',
33 silly reify   '/Users/admin/Downloads/saudi-pool-services/frontend/node_modules/workbox-build/node_modules/json-schema-traverse': '/Users/admin/Downloads/saudi-pool-services/frontend/node_modules/workbox-build/node_modules/.json-schema-traverse-4MlwvUM5'
33 silly reify }
34 silly audit bulk request {
34 silly audit   '@alloc/quick-lru': [ '5.2.0' ],
34 silly audit   '@apideck/better-ajv-errors': [ '0.3.7' ],
34 silly audit   '@babel/code-frame': [ '7.29.7' ],
34 silly audit   '@babel/compat-data': [ '7.29.7' ],
34 silly audit   '@babel/core': [ '7.29.7' ],
34 silly audit   '@babel/eslint-parser': [ '7.29.7' ],
34 silly audit   'eslint-visitor-keys': [ '2.1.0', '3.4.3', '4.2.1' ],
34 silly audit   '@babel/generator': [ '7.29.7' ],
34 silly audit   '@babel/helper-annotate-as-pure': [ '7.29.7' ],
34 silly audit   '@babel/helper-compilation-targets': [ '7.29.7' ],
34 silly audit   '@babel/helper-create-class-features-plugin': [ '7.29.7' ],
34 silly audit   '@babel/helper-create-regexp-features-plugin': [ '7.29.7' ],
34 silly audit   '@babel/helper-define-polyfill-provider': [ '0.6.8' ],
34 silly audit   resolve: [ '1.22.12', '2.0.0-next.7' ],
34 silly audit   '@babel/helper-globals': [ '7.29.7' ],
34 silly audit   '@babel/helper-member-expression-to-functions': [ '7.29.7' ],
34 silly audit   '@babel/helper-module-imports': [ '7.29.7' ],
34 silly audit   '@babel/helper-module-transforms': [ '7.29.7' ],
34 silly audit   '@babel/helper-optimise-call-expression': [ '7.29.7' ],
34 silly audit   '@babel/helper-plugin-utils': [ '7.29.7' ],
34 silly audit   '@babel/helper-remap-async-to-generator': [ '7.29.7' ],
34 silly audit   '@babel/helper-replace-supers': [ '7.29.7' ],
34 silly audit   '@babel/helper-skip-transparent-expression-wrappers': [ '7.29.7' ],
34 silly audit   '@babel/helper-string-parser': [ '7.29.7' ],
34 silly audit   '@babel/helper-validator-identifier': [ '7.29.7' ],
34 silly audit   '@babel/helper-validator-option': [ '7.29.7' ],
34 silly audit   '@babel/helper-wrap-function': [ '7.29.7' ],
34 silly audit   '@babel/helpers': [ '7.29.7' ],
34 silly audit   '@babel/parser': [ '7.29.7' ],
34 silly audit   '@babel/plugin-bugfix-firefox-class-in-computed-class-key': [ '7.29.7' ],
34 silly audit   '@babel/plugin-bugfix-safari-class-field-initializer-scope': [ '7.29.7' ],
34 silly audit   '@babel/plugin-bugfix-safari-id-destructuring-collision-in-function-expression': [ '7.29.7' ],
34 silly audit   '@babel/plugin-bugfix-safari-rest-destructuring-rhs-array': [ '7.29.7' ],
34 silly audit   '@babel/plugin-bugfix-v8-spread-parameters-in-optional-chaining': [ '7.29.7' ],
34 silly audit   '@babel/plugin-bugfix-v8-static-class-fields-redefine-readonly': [ '7.29.7' ],
34 silly audit   '@babel/plugin-proposal-class-properties': [ '7.18.6' ],
34 silly audit   '@babel/plugin-proposal-decorators': [ '7.29.7' ],
34 silly audit   '@babel/plugin-proposal-nullish-coalescing-operator': [ '7.18.6' ],
34 silly audit   '@babel/plugin-proposal-numeric-separator': [ '7.18.6' ],
34 silly audit   '@babel/plugin-proposal-optional-chaining': [ '7.21.0' ],
34 silly audit   '@babel/plugin-proposal-private-methods': [ '7.18.6' ],
34 silly audit   '@babel/plugin-proposal-private-property-in-object': [ '7.21.11', '7.21.0-placeholder-for-preset-env.2' ],
34 silly audit   '@babel/plugin-syntax-async-generators': [ '7.8.4' ],
34 silly audit   '@babel/plugin-syntax-bigint': [ '7.8.3' ],
34 silly audit   '@babel/plugin-syntax-class-properties': [ '7.12.13' ],
34 silly audit   '@babel/plugin-syntax-class-static-block': [ '7.14.5' ],
34 silly audit   '@babel/plugin-syntax-decorators': [ '7.29.7' ],
34 silly audit   '@babel/plugin-syntax-flow': [ '7.29.7' ],
34 silly audit   '@babel/plugin-syntax-import-assertions': [ '7.29.7' ],
34 silly audit   '@babel/plugin-syntax-import-attributes': [ '7.29.7' ],
34 silly audit   '@babel/plugin-syntax-import-meta': [ '7.10.4' ],
34 silly audit   '@babel/plugin-syntax-json-strings': [ '7.8.3' ],
34 silly audit   '@babel/plugin-syntax-jsx': [ '7.29.7' ],
34 silly audit   '@babel/plugin-syntax-logical-assignment-operators': [ '7.10.4' ],
34 silly audit   '@babel/plugin-syntax-nullish-coalescing-operator': [ '7.8.3' ],
34 silly audit   '@babel/plugin-syntax-numeric-separator': [ '7.10.4' ],
34 silly audit   '@babel/plugin-syntax-object-rest-spread': [ '7.8.3' ],
34 silly audit   '@babel/plugin-syntax-optional-catch-binding': [ '7.8.3' ],
34 silly audit   '@babel/plugin-syntax-optional-chaining': [ '7.8.3' ],
34 silly audit   '@babel/plugin-syntax-private-property-in-object': [ '7.14.5' ],
34 silly audit   '@babel/plugin-syntax-top-level-await': [ '7.14.5' ],
34 silly audit   '@babel/plugin-syntax-typescript': [ '7.29.7' ],
34 silly audit   '@babel/plugin-syntax-unicode-sets-regex': [ '7.18.6' ],
34 silly audit   '@babel/plugin-transform-arrow-functions': [ '7.29.7' ],
34 silly audit   '@babel/plugin-transform-async-generator-functions': [ '7.29.7' ],
34 silly audit   '@babel/plugin-transform-async-to-generator': [ '7.29.7' ],
34 silly audit   '@babel/plugin-transform-block-scoped-functions': [ '7.29.7' ],
34 silly audit   '@babel/plugin-transform-block-scoping': [ '7.29.7' ],
34 silly audit   '@babel/plugin-transform-class-properties': [ '7.29.7' ],
34 silly audit   '@babel/plugin-transform-class-static-block': [ '7.29.7' ],
34 silly audit   '@babel/plugin-transform-classes': [ '7.29.7' ],
34 silly audit   '@babel/plugin-transform-computed-properties': [ '7.29.7' ],
34 silly audit   '@babel/plugin-transform-destructuring': [ '7.29.7' ],
34 silly audit   '@babel/plugin-transform-dotall-regex': [ '7.29.7' ],
34 silly audit   '@babel/plugin-transform-duplicate-keys': [ '7.29.7' ],
34 silly audit   '@babel/plugin-transform-duplicate-named-capturing-groups-regex': [ '7.29.7' ],
34 silly audit   '@babel/plugin-transform-dynamic-import': [ '7.29.7' ],
34 silly audit   '@babel/plugin-transform-explicit-resource-management': [ '7.29.7' ],
34 silly audit   '@babel/plugin-transform-exponentiation-operator': [ '7.29.7' ],
34 silly audit   '@babel/plugin-transform-export-namespace-from': [ '7.29.7' ],
34 silly audit   '@babel/plugin-transform-flow-strip-types': [ '7.29.7' ],
34 silly audit   '@babel/plugin-transform-for-of': [ '7.29.7' ],
34 silly audit   '@babel/plugin-transform-function-name': [ '7.29.7' ],
34 silly audit   '@babel/plugin-transform-json-strings': [ '7.29.7' ],
34 silly audit   '@babel/plugin-transform-literals': [ '7.29.7' ],
34 silly audit   '@babel/plugin-transform-logical-assignment-operators': [ '7.29.7' ],
34 silly audit   '@babel/plugin-transform-member-expression-literals': [ '7.29.7' ],
34 silly audit   '@babel/plugin-transform-modules-amd': [ '7.29.7' ],
34 silly audit   '@babel/plugin-transform-modules-commonjs': [ '7.29.7' ],
34 silly audit   '@babel/plugin-transform-modules-systemjs': [ '7.29.7' ],
34 silly audit   '@babel/plugin-transform-modules-umd': [ '7.29.7' ],
34 silly audit   '@babel/plugin-transform-named-capturing-groups-regex': [ '7.29.7' ],
34 silly audit   '@babel/plugin-transform-new-target': [ '7.29.7' ],
34 silly audit   '@babel/plugin-transform-nullish-coalescing-operator': [ '7.29.7' ],
34 silly audit   '@babel/plugin-transform-numeric-separator': [ '7.29.7' ],
34 silly audit   '@babel/plugin-transform-object-rest-spread': [ '7.29.7' ],
34 silly audit   '@babel/plugin-transform-object-super': [ '7.29.7' ],
34 silly audit   '@babel/plugin-transform-optional-catch-binding': [ '7.29.7' ],
34 silly audit   '@babel/plugin-transform-optional-chaining': [ '7.29.7' ],
34 silly audit   '@babel/plugin-transform-parameters': [ '7.29.7' ],
34 silly audit   '@babel/plugin-transform-private-methods': [ '7.29.7' ],
34 silly audit   '@babel/plugin-transform-private-property-in-object': [ '7.29.7' ],
34 silly audit   '@babel/plugin-transform-property-literals': [ '7.29.7' ],
34 silly audit   '@babel/plugin-transform-react-constant-elements': [ '7.29.7' ],
34 silly audit   '@babel/plugin-transform-react-display-name': [ '7.29.7' ],
34 silly audit   '@babel/plugin-transform-react-jsx': [ '7.29.7' ],
34 silly audit   '@babel/plugin-transform-react-jsx-development': [ '7.29.7' ],
34 silly audit   '@babel/plugin-transform-react-pure-annotations': [ '7.29.7' ],
34 silly audit   '@babel/plugin-transform-regenerator': [ '7.29.7' ],
34 silly audit   '@babel/plugin-transform-regexp-modifiers': [ '7.29.7' ],
34 silly audit   '@babel/plugin-transform-reserved-words': [ '7.29.7' ],
34 silly audit   '@babel/plugin-transform-runtime': [ '7.29.7' ],
34 silly audit   'babel-plugin-polyfill-corejs3': [ '0.13.0', '0.14.2' ],
34 silly audit   '@babel/plugin-transform-shorthand-properties': [ '7.29.7' ],
34 silly audit   '@babel/plugin-transform-spread': [ '7.29.7' ],
34 silly audit   '@babel/plugin-transform-sticky-regex': [ '7.29.7' ],
34 silly audit   '@babel/plugin-transform-template-literals': [ '7.29.7' ],
34 silly audit   '@babel/plugin-transform-typeof-symbol': [ '7.29.7' ],
34 silly audit   '@babel/plugin-transform-typescript': [ '7.29.7' ],
34 silly audit   '@babel/plugin-transform-unicode-escapes': [ '7.29.7' ],
34 silly audit   '@babel/plugin-transform-unicode-property-regex': [ '7.29.7' ],
34 silly audit   '@babel/plugin-transform-unicode-regex': [ '7.29.7' ],
34 silly audit   '@babel/plugin-transform-unicode-sets-regex': [ '7.29.7' ],
34 silly audit   '@babel/preset-env': [ '7.29.7' ],
34 silly audit   '@babel/preset-modules': [ '0.1.6-no-external-plugins' ],
34 silly audit   '@babel/preset-react': [ '7.29.7' ],
34 silly audit   '@babel/preset-typescript': [ '7.29.7' ],
34 silly audit   '@babel/runtime': [ '7.29.7' ],
34 silly audit   '@babel/template': [ '7.29.7' ],
34 silly audit   '@babel/traverse': [ '7.29.7' ],
34 silly audit   '@babel/types': [ '7.29.7' ],
34 silly audit   '@bcoe/v8-coverage': [ '0.2.3' ],
34 silly audit   '@craco/craco': [ '7.1.0' ],
34 silly audit   semver: [ '7.8.5', '6.3.1' ],
34 silly audit   '@cspotcode/source-map-support': [ '0.8.1' ],
34 silly audit   '@jridgewell/trace-mapping': [ '0.3.9', '0.3.31' ],
34 silly audit   '@csstools/normalize.css': [ '12.1.1' ],
34 silly audit   '@csstools/postcss-cascade-layers': [ '1.1.1' ],
34 silly audit   '@csstools/postcss-color-function': [ '1.1.1' ],
34 silly audit   '@csstools/postcss-font-format-keywords': [ '1.0.1' ],
34 silly audit   '@csstools/postcss-hwb-function': [ '1.0.2' ],
34 silly audit   '@csstools/postcss-ic-unit': [ '1.0.1' ],
34 silly audit   '@csstools/postcss-is-pseudo-class': [ '2.0.7' ],
34 silly audit   '@csstools/postcss-nested-calc': [ '1.0.0' ],
34 silly audit   '@csstools/postcss-normalize-display-values': [ '1.0.1' ],
34 silly audit   '@csstools/postcss-oklab-function': [ '1.1.1' ],
34 silly audit   '@csstools/postcss-progressive-custom-properties': [ '1.3.0' ],
34 silly audit   '@csstools/postcss-stepped-value-functions': [ '1.0.1' ],
34 silly audit   '@csstools/postcss-text-decoration-shorthand': [ '1.0.0' ],
34 silly audit   '@csstools/postcss-trigonometric-functions': [ '1.0.2' ],
34 silly audit   '@csstools/postcss-unset-value': [ '1.0.2' ],
34 silly audit   '@csstools/selector-specificity': [ '2.2.0' ],
34 silly audit   '@emergentbase/visual-edits': [ '1.0.12' ],
34 silly audit   '@eslint-community/eslint-utils': [ '4.9.1' ],
34 silly audit   '@eslint-community/regexpp': [ '4.12.2' ],
34 silly audit   '@eslint/config-array': [ '0.19.2' ],
34 silly audit   '@eslint/config-helpers': [ '0.2.3' ],
34 silly audit   '@eslint/core': [ '0.12.0', '0.13.0' ],
34 silly audit   '@eslint/eslintrc': [ '3.3.5', '2.1.4' ],
34 silly audit   globals: [ '14.0.0', '15.15.0', '13.24.0' ],
34 silly audit   '@eslint/js': [ '9.23.0', '8.57.1' ],
34 silly audit   '@eslint/object-schema': [ '2.1.7' ],
34 silly audit   '@eslint/plugin-kit': [ '0.2.8' ],
34 silly audit   '@floating-ui/core': [ '1.7.5' ],
34 silly audit   '@floating-ui/dom': [ '1.7.6' ],
34 silly audit   '@floating-ui/react-dom': [ '2.1.8' ],
34 silly audit   '@floating-ui/utils': [ '0.2.11' ],
34 silly audit   '@hookform/resolvers': [ '5.0.1' ],
34 silly audit   '@humanfs/core': [ '0.19.2' ],
34 silly audit   '@humanfs/node': [ '0.16.8' ],
34 silly audit   '@humanfs/types': [ '0.15.0' ],
34 silly audit   '@humanwhocodes/config-array': [ '0.13.0' ],
34 silly audit   '@humanwhocodes/module-importer': [ '1.0.1' ],
34 silly audit   '@humanwhocodes/object-schema': [ '2.0.3' ],
34 silly audit   '@humanwhocodes/retry': [ '0.4.3' ],
34 silly audit   '@istanbuljs/load-nyc-config': [ '1.1.0' ],
34 silly audit   argparse: [ '1.0.10', '2.0.1' ],
34 silly audit   camelcase: [ '5.3.1', '6.3.0' ],
34 silly audit   'find-up': [ '4.1.0', '5.0.0', '3.0.0' ],
34 silly audit   'js-yaml': [ '3.14.2', '4.2.0' ],
34 silly audit   'locate-path': [ '5.0.0', '6.0.0', '3.0.0' ],
34 silly audit   'p-limit': [ '2.3.0', '3.1.0' ],
34 silly audit   'p-locate': [ '4.1.0', '5.0.0', '3.0.0' ],
34 silly audit   'resolve-from': [ '5.0.0', '4.0.0' ],
34 silly audit   '@istanbuljs/schema': [ '0.1.6' ],
34 silly audit   '@jest/console': [ '27.5.1', '28.1.3' ],
34 silly audit   '@jest/core': [ '27.5.1' ],
34 silly audit   '@jest/environment': [ '27.5.1' ],
34 silly audit   '@jest/fake-timers': [ '27.5.1' ],
34 silly audit   '@jest/globals': [ '27.5.1' ],
34 silly audit   '@jest/reporters': [ '27.5.1' ],
34 silly audit   'source-map': [ '0.6.1', '0.7.6', '0.8.0-beta.0' ],
34 silly audit   '@jest/schemas': [ '28.1.3' ],
34 silly audit   '@jest/source-map': [ '27.5.1' ],
34 silly audit   '@jest/test-result': [ '27.5.1', '28.1.3' ],
34 silly audit   '@jest/test-sequencer': [ '27.5.1' ],
34 silly audit   '@jest/transform': [ '27.5.1' ],
34 silly audit   'convert-source-map': [ '1.9.0', '2.0.0' ],
34 silly audit   '@jest/types': [ '27.5.1', '28.1.3' ],
34 silly audit   '@jridgewell/gen-mapping': [ '0.3.13' ],
34 silly audit   '@jridgewell/remapping': [ '2.3.5' ],
34 silly audit   '@jridgewell/resolve-uri': [ '3.1.2' ],
34 silly audit   '@jridgewell/source-map': [ '0.3.11' ],
34 silly audit   '@jridgewell/sourcemap-codec': [ '1.5.5' ],
34 silly audit   '@leichtgewicht/ip-codec': [ '2.0.5' ],
34 silly audit   '@nicolo-ribaudo/eslint-scope-5-internals': [ '5.1.1-v1' ],
34 silly audit   'eslint-scope': [ '5.1.1', '8.4.0', '7.2.2' ],
34 silly audit   estraverse: [ '4.3.0', '5.3.0' ],
34 silly audit   '@nodelib/fs.scandir': [ '2.1.5' ],
34 silly audit   '@nodelib/fs.stat': [ '2.0.5' ],
34 silly audit   '@nodelib/fs.walk': [ '1.2.8' ],
34 silly audit   '@pmmmwh/react-refresh-webpack-plugin': [ '0.5.17' ],
34 silly audit   '@radix-ui/number': [ '1.1.1' ],
34 silly audit   '@radix-ui/primitive': [ '1.1.2' ],
34 silly audit   '@radix-ui/react-accordion': [ '1.2.8' ],
34 silly audit   '@radix-ui/react-alert-dialog': [ '1.1.11' ],
34 silly audit   '@radix-ui/react-arrow': [ '1.1.4' ],
34 silly audit   '@radix-ui/react-aspect-ratio': [ '1.1.4' ],
34 silly audit   '@radix-ui/react-avatar': [ '1.1.7' ],
34 silly audit   '@radix-ui/react-checkbox': [ '1.2.3' ],
34 silly audit   '@radix-ui/react-collapsible': [ '1.1.8' ],
34 silly audit   '@radix-ui/react-collection': [ '1.1.4' ],
34 silly audit   '@radix-ui/react-compose-refs': [ '1.1.2' ],
34 silly audit   '@radix-ui/react-context': [ '1.1.2' ],
34 silly audit   '@radix-ui/react-context-menu': [ '2.2.12' ],
34 silly audit   '@radix-ui/react-dialog': [ '1.1.11' ],
34 silly audit   '@radix-ui/react-direction': [ '1.1.1' ],
34 silly audit   '@radix-ui/react-dismissable-layer': [ '1.1.7' ],
34 silly audit   '@radix-ui/react-dropdown-menu': [ '2.1.12' ],
34 silly audit   '@radix-ui/react-focus-guards': [ '1.1.2' ],
34 silly audit   '@radix-ui/react-focus-scope': [ '1.1.4' ],
34 silly audit   '@radix-ui/react-hover-card': [ '1.1.11' ],
34 silly audit   '@radix-ui/react-id': [ '1.1.1' ],
34 silly audit   '@radix-ui/react-label': [ '2.1.4' ],
34 silly audit   '@radix-ui/react-menu': [ '2.1.12' ],
34 silly audit   '@radix-ui/react-menubar': [ '1.1.12' ],
34 silly audit   '@radix-ui/react-navigation-menu': [ '1.2.10' ],
34 silly audit   '@radix-ui/react-popover': [ '1.1.11' ],
34 silly audit   '@radix-ui/react-popper': [ '1.2.4' ],
34 silly audit   '@radix-ui/react-portal': [ '1.1.6' ],
34 silly audit   '@radix-ui/react-presence': [ '1.1.4' ],
34 silly audit   '@radix-ui/react-primitive': [ '2.1.0' ],
34 silly audit   '@radix-ui/react-progress': [ '1.1.4' ],
34 silly audit   '@radix-ui/react-radio-group': [ '1.3.4' ],
34 silly audit   '@radix-ui/react-roving-focus': [ '1.1.7' ],
34 silly audit   '@radix-ui/react-scroll-area': [ '1.2.6' ],
34 silly audit   '@radix-ui/react-select': [ '2.2.2' ],
34 silly audit   '@radix-ui/react-separator': [ '1.1.4' ],
34 silly audit   '@radix-ui/react-slider': [ '1.3.2' ],
34 silly audit   '@radix-ui/react-slot': [ '1.2.0' ],
34 silly audit   '@radix-ui/react-switch': [ '1.2.2' ],
34 silly audit   '@radix-ui/react-tabs': [ '1.1.9' ],
34 silly audit   '@radix-ui/react-toast': [ '1.2.11' ],
34 silly audit   '@radix-ui/react-toggle': [ '1.1.6' ],
34 silly audit   '@radix-ui/react-toggle-group': [ '1.1.7' ],
34 silly audit   '@radix-ui/react-tooltip': [ '1.2.4' ],
34 silly audit   '@radix-ui/react-use-callback-ref': [ '1.1.1' ],
34 silly audit   '@radix-ui/react-use-controllable-state': [ '1.2.2' ],
34 silly audit   '@radix-ui/react-use-effect-event': [ '0.0.2' ],
34 silly audit   '@radix-ui/react-use-escape-keydown': [ '1.1.1' ],
34 silly audit   '@radix-ui/react-use-is-hydrated': [ '0.1.0' ],
34 silly audit   '@radix-ui/react-use-layout-effect': [ '1.1.1' ],
34 silly audit   '@radix-ui/react-use-previous': [ '1.1.1' ],
34 silly audit   '@radix-ui/react-use-rect': [ '1.1.1' ],
34 silly audit   '@radix-ui/react-use-size': [ '1.1.1' ],
34 silly audit   '@radix-ui/react-visually-hidden': [ '1.2.0' ],
34 silly audit   '@radix-ui/rect': [ '1.1.1' ],
34 silly audit   '@reduxjs/toolkit': [ '2.12.0' ],
34 silly audit   immer: [ '11.1.8', '9.0.21', '10.2.0' ],
34 silly audit   '@rollup/plugin-babel': [ '5.3.1' ],
34 silly audit   '@rollup/plugin-node-resolve': [ '11.2.1' ],
34 silly audit   '@rollup/plugin-replace': [ '2.4.2' ],
34 silly audit   '@rollup/pluginutils': [ '3.1.0' ],
34 silly audit   '@types/estree': [ '0.0.39', '1.0.9' ],
34 silly audit   '@rtsao/scc': [ '1.1.0' ],
34 silly audit   '@rushstack/eslint-patch': [ '1.16.1' ],
34 silly audit   '@sinclair/typebox': [ '0.24.51' ],
34 silly audit   '@sinonjs/commons': [ '1.8.6' ],
34 silly audit   '@sinonjs/fake-timers': [ '8.1.0' ],
34 silly audit   '@standard-schema/spec': [ '1.1.0' ],
34 silly audit   '@standard-schema/utils': [ '0.3.0' ],
34 silly audit   '@surma/rollup-plugin-off-main-thread': [ '2.2.3' ],
34 silly audit   '@svgr/babel-plugin-add-jsx-attribute': [ '5.4.0' ],
34 silly audit   '@svgr/babel-plugin-remove-jsx-attribute': [ '5.4.0' ],
34 silly audit   '@svgr/babel-plugin-remove-jsx-empty-expression': [ '5.0.1' ],
34 silly audit   '@svgr/babel-plugin-replace-jsx-attribute-value': [ '5.0.1' ],
34 silly audit   '@svgr/babel-plugin-svg-dynamic-title': [ '5.4.0' ],
34 silly audit   '@svgr/babel-plugin-svg-em-dimensions': [ '5.4.0' ],
34 silly audit   '@svgr/babel-plugin-transform-react-native-svg': [ '5.4.0' ],
34 silly audit   '@svgr/babel-plugin-transform-svg-component': [ '5.5.0' ],
34 silly audit   '@svgr/babel-preset': [ '5.5.0' ],
34 silly audit   '@svgr/core': [ '5.5.0' ],
34 silly audit   '@svgr/hast-util-to-babel-ast': [ '5.5.0' ],
34 silly audit   '@svgr/plugin-jsx': [ '5.5.0' ],
34 silly audit   '@svgr/plugin-svgo': [ '5.5.0' ],
34 silly audit   '@svgr/webpack': [ '5.5.0' ],
34 silly audit   '@tanstack/query-core': [ '5.56.2' ],
34 silly audit   '@tanstack/react-query': [ '5.56.2' ],
34 silly audit   '@tootallnate/once': [ '1.1.2' ],
34 silly audit   '@tsconfig/node10': [ '1.0.12' ],
34 silly audit   '@tsconfig/node12': [ '1.0.11' ],
34 silly audit   '@tsconfig/node14': [ '1.0.3' ],
34 silly audit   '@tsconfig/node16': [ '1.0.4' ],
34 silly audit   '@types/babel__core': [ '7.20.5' ],
34 silly audit   '@types/babel__generator': [ '7.27.0' ],
34 silly audit   '@types/babel__template': [ '7.4.4' ],
34 silly audit   '@types/babel__traverse': [ '7.28.0' ],
34 silly audit   '@types/body-parser': [ '1.19.6' ],
34 silly audit   '@types/bonjour': [ '3.5.13' ],
34 silly audit   '@types/connect': [ '3.4.38' ],
34 silly audit   '@types/connect-history-api-fallback': [ '1.5.4' ],
34 silly audit   '@types/d3-array': [ '3.2.2' ],
34 silly audit   '@types/d3-color': [ '3.1.3' ],
34 silly audit   '@types/d3-ease': [ '3.0.2' ],
34 silly audit   '@types/d3-interpolate': [ '3.0.4' ],
34 silly audit   '@types/d3-path': [ '3.1.1' ],
34 silly audit   '@types/d3-scale': [ '4.0.9' ],
34 silly audit   '@types/d3-shape': [ '3.1.8' ],
34 silly audit   '@types/d3-time': [ '3.0.4' ],
34 silly audit   '@types/d3-timer': [ '3.0.2' ],
34 silly audit   '@types/eslint': [ '8.56.12' ],
34 silly audit   '@types/express': [ '4.17.25' ],
34 silly audit   '@types/express-serve-static-core': [ '5.1.1', '4.19.8' ],
34 silly audit   '@types/graceful-fs': [ '4.1.9' ],
34 silly audit   '@types/html-minifier-terser': [ '6.1.0' ],
34 silly audit   '@types/http-errors': [ '2.0.5' ],
34 silly audit   '@types/http-proxy': [ '1.17.17' ],
34 silly audit   '@types/istanbul-lib-coverage': [ '2.0.6' ],
34 silly audit   '@types/istanbul-lib-report': [ '3.0.3' ],
34 silly audit   '@types/istanbul-reports': [ '3.0.4' ],
34 silly audit   '@types/json-schema': [ '7.0.15' ],
34 silly audit   '@types/json5': [ '0.0.29' ],
34 silly audit   '@types/lodash': [ '4.17.24' ],
34 silly audit   '@types/mime': [ '1.3.5' ],
34 silly audit   '@types/node': [ '26.0.1' ],
34 silly audit   '@types/node-forge': [ '1.3.14' ],
34 silly audit   '@types/parse-json': [ '4.0.2' ],
34 silly audit   '@types/prettier': [ '2.7.3' ],
34 silly audit   '@types/q': [ '1.5.8' ],
34 silly audit   '@types/qs': [ '6.15.1' ],
34 silly audit   '@types/range-parser': [ '1.2.7' ],
34 silly audit   '@types/resolve': [ '1.17.1' ],
34 silly audit   '@types/retry': [ '0.12.0' ],
34 silly audit   '@types/semver': [ '7.7.1' ],
34 silly audit   '@types/send': [ '1.2.1', '0.17.6' ],
34 silly audit   '@types/serve-index': [ '1.9.4' ],
34 silly audit   '@types/serve-static': [ '1.15.10' ],
34 silly audit   '@types/sockjs': [ '0.3.36' ],
34 silly audit   '@types/stack-utils': [ '2.0.3' ],
34 silly audit   '@types/trusted-types': [ '2.0.7' ],
34 silly audit   '@types/use-sync-external-store': [ '0.0.6' ],
34 silly audit   '@types/ws': [ '8.18.1' ],
34 silly audit   '@types/yargs': [ '16.0.11', '17.0.35' ],
34 silly audit   '@types/yargs-parser': [ '21.0.3' ],
34 silly audit   '@typescript-eslint/eslint-plugin': [ '5.62.0' ],
34 silly audit   '@typescript-eslint/experimental-utils': [ '5.62.0' ],
34 silly audit   '@typescript-eslint/parser': [ '5.62.0' ],
34 silly audit   '@typescript-eslint/scope-manager': [ '5.62.0' ],
34 silly audit   '@typescript-eslint/type-utils': [ '5.62.0' ],
34 silly audit   '@typescript-eslint/types': [ '5.62.0' ],
34 silly audit   '@typescript-eslint/typescript-estree': [ '5.62.0' ],
34 silly audit   '@typescript-eslint/utils': [ '5.62.0' ],
34 silly audit   '@typescript-eslint/visitor-keys': [ '5.62.0' ],
34 silly audit   '@ungap/structured-clone': [ '1.3.2' ],
34 silly audit   '@webassemblyjs/ast': [ '1.14.1' ],
34 silly audit   '@webassemblyjs/floating-point-hex-parser': [ '1.13.2' ],
34 silly audit   '@webassemblyjs/helper-api-error': [ '1.13.2' ],
34 silly audit   '@webassemblyjs/helper-buffer': [ '1.14.1' ],
34 silly audit   '@webassemblyjs/helper-numbers': [ '1.13.2' ],
34 silly audit   '@webassemblyjs/helper-wasm-bytecode': [ '1.13.2' ],
34 silly audit   '@webassemblyjs/helper-wasm-section': [ '1.14.1' ],
34 silly audit   '@webassemblyjs/ieee754': [ '1.13.2' ],
34 silly audit   '@webassemblyjs/leb128': [ '1.13.2' ],
34 silly audit   '@webassemblyjs/utf8': [ '1.13.2' ],
34 silly audit   '@webassemblyjs/wasm-edit': [ '1.14.1' ],
34 silly audit   '@webassemblyjs/wasm-gen': [ '1.14.1' ],
34 silly audit   '@webassemblyjs/wasm-opt': [ '1.14.1' ],
34 silly audit   '@webassemblyjs/wasm-parser': [ '1.14.1' ],
34 silly audit   '@webassemblyjs/wast-printer': [ '1.14.1' ],
34 silly audit   '@xtuc/ieee754': [ '1.2.0' ],
34 silly audit   '@xtuc/long': [ '4.2.2' ],
34 silly audit   abab: [ '2.0.6' ],
34 silly audit   accepts: [ '1.3.8' ],
34 silly audit   negotiator: [ '0.6.3', '0.6.4' ],
34 silly audit   acorn: [ '8.17.0', '7.4.1' ],
34 silly audit   'acorn-globals': [ '6.0.0' ],
34 silly audit   'acorn-import-phases': [ '1.0.4' ],
34 silly audit   'acorn-jsx': [ '5.3.2' ],
34 silly audit   'acorn-walk': [ '7.2.0', '8.3.5' ],
34 silly audit   address: [ '1.2.2' ],
34 silly audit   'adjust-sourcemap-loader': [ '4.0.0' ],
34 silly audit   'agent-base': [ '6.0.2' ],
34 silly audit   ajv: [ '8.20.0' ],
34 silly audit   'ajv-formats': [ '2.1.1' ],
34 silly audit   'ajv-keywords': [ '5.1.0', '3.5.2' ],
34 silly audit   'ansi-escapes': [ '4.3.2' ],
34 silly audit   'ansi-html': [ '0.0.9' ],
34 silly audit   'ansi-html-community': [ '0.0.8' ],
34 silly audit   'ansi-regex': [ '5.0.1', '6.2.2' ],
34 silly audit   'ansi-styles': [ '4.3.0', '3.2.1', '5.2.0' ],
34 silly audit   'any-promise': [ '1.3.0' ],
34 silly audit   anymatch: [ '3.1.3' ],
34 silly audit   arg: [ '5.0.2', '4.1.3' ],
34 silly audit   'aria-hidden': [ '1.2.6' ],
34 silly audit   'aria-query': [ '5.3.2' ],
34 silly audit   'array-buffer-byte-length': [ '1.0.2' ],
34 silly audit   'array-flatten': [ '1.1.1' ],
34 silly audit   'array-includes': [ '3.1.9' ],
34 silly audit   'array-union': [ '2.1.0' ],
34 silly audit   'array.prototype.findlast': [ '1.2.5' ],
34 silly audit   'array.prototype.findlastindex': [ '1.2.6' ],
34 silly audit   'array.prototype.flat': [ '1.3.3' ],
34 silly audit   'array.prototype.flatmap': [ '1.3.3' ],
34 silly audit   'array.prototype.reduce': [ '1.0.8' ],
34 silly audit   'array.prototype.tosorted': [ '1.1.4' ],
34 silly audit   'arraybuffer.prototype.slice': [ '1.0.4' ],
34 silly audit   asap: [ '2.0.6' ],
34 silly audit   'ast-types-flow': [ '0.0.8' ],
34 silly audit   async: [ '3.2.6' ],
34 silly audit   'async-function': [ '1.0.0' ],
34 silly audit   asynckit: [ '0.4.0' ],
34 silly audit   'at-least-node': [ '1.0.0' ],
34 silly audit   autoprefixer: [ '10.4.20' ],
34 silly audit   'available-typed-arrays': [ '1.0.7' ],
34 silly audit   'axe-core': [ '4.12.1' ],
34 silly audit   axios: [ '1.16.0' ],
34 silly audit   'axobject-query': [ '4.1.0' ],
34 silly audit   'babel-jest': [ '27.5.1' ],
34 silly audit   'babel-loader': [ '8.4.1' ],
34 silly audit   'schema-utils': [ '2.7.1', '3.3.0', '2.7.0', '4.3.3' ],
34 silly audit   'babel-plugin-istanbul': [ '6.1.1' ],
34 silly audit   'babel-plugin-jest-hoist': [ '27.5.1' ],
34 silly audit   'babel-plugin-macros': [ '3.1.0' ],
34 silly audit   'babel-plugin-named-asset-import': [ '0.3.8' ],
34 silly audit   'babel-plugin-polyfill-corejs2': [ '0.4.17' ],
34 silly audit   'babel-plugin-polyfill-regenerator': [ '0.6.8' ],
34 silly audit   'babel-plugin-transform-react-remove-prop-types': [ '0.4.24' ],
34 silly audit   'babel-preset-current-node-syntax': [ '1.2.0' ],
34 silly audit   'babel-preset-jest': [ '27.5.1' ],
34 silly audit   'babel-preset-react-app': [ '10.1.0' ],
34 silly audit   'balanced-match': [ '1.0.2' ],
34 silly audit   'baseline-browser-mapping': [ '2.10.38' ],
34 silly audit   batch: [ '0.6.1' ],
34 silly audit   bfj: [ '7.1.0' ],
34 silly audit   'big.js': [ '5.2.2' ],
34 silly audit   'binary-extensions': [ '2.3.0' ],
34 silly audit   bluebird: [ '3.7.2' ],
34 silly audit   'body-parser': [ '1.20.5' ],
34 silly audit   debug: [ '2.6.9', '4.4.3', '3.2.7' ],
34 silly audit   'iconv-lite': [ '0.4.24', '0.6.3' ],
34 silly audit   ms: [ '2.0.0', '2.1.3' ],
34 silly audit   'bonjour-service': [ '1.4.2' ],
34 silly audit   boolbase: [ '1.0.0' ],
34 silly audit   'brace-expansion': [ '1.1.15', '2.1.1' ],
34 silly audit   braces: [ '3.0.3' ],
34 silly audit   'browser-process-hrtime': [ '1.0.0' ],
34 silly audit   browserslist: [ '4.28.4' ],
34 silly audit   bser: [ '2.1.1' ],
34 silly audit   'buffer-from': [ '1.1.2' ],
34 silly audit   'builtin-modules': [ '3.3.0' ],
34 silly audit   bytes: [ '3.1.2' ],
34 silly audit   'call-bind': [ '1.0.9' ],
34 silly audit   'call-bind-apply-helpers': [ '1.0.2' ],
34 silly audit   'call-bound': [ '1.0.4' ],
34 silly audit   callsites: [ '3.1.0' ],
34 silly audit   'camel-case': [ '4.1.2' ],
34 silly audit   'camelcase-css': [ '2.0.1' ],
34 silly audit   'caniuse-api': [ '3.0.0' ],
34 silly audit   'caniuse-lite': [ '1.0.30001799' ],
34 silly audit   'case-sensitive-paths-webpack-plugin': [ '2.4.0' ],
34 silly audit   chalk: [ '4.1.2', '2.4.2' ],
34 silly audit   'char-regex': [ '1.0.2', '2.0.2' ],
34 silly audit   'check-types': [ '11.2.3' ],
34 silly audit   chokidar: [ '3.6.0' ],
34 silly audit   'glob-parent': [ '5.1.2', '6.0.2' ],
34 silly audit   'chrome-trace-event': [ '1.0.4' ],
34 silly audit   'ci-info': [ '3.9.0' ],
34 silly audit   'cjs-module-lexer': [ '1.4.3' ],
34 silly audit   'class-variance-authority': [ '0.7.1' ],
34 silly audit   'clean-css': [ '5.3.3' ],
34 silly audit   cliui: [ '7.0.4' ],
34 silly audit   'clone-deep': [ '4.0.1' ],
34 silly audit   clsx: [ '2.1.1' ],
34 silly audit   cmdk: [ '1.1.1' ],
34 silly audit   co: [ '4.6.0' ],
34 silly audit   coa: [ '2.0.2' ],
34 silly audit   'color-convert': [ '1.9.3', '2.0.1' ],
34 silly audit   'color-name': [ '1.1.3', '1.1.4' ],
34 silly audit   'escape-string-regexp': [ '1.0.5', '4.0.0', '2.0.0' ],
34 silly audit   'has-flag': [ '3.0.0', '4.0.0' ],
34 silly audit   'supports-color': [ '5.5.0', '8.1.1', '7.2.0' ],
34 silly audit   'collect-v8-coverage': [ '1.0.3' ],
34 silly audit   colord: [ '2.9.3' ],
34 silly audit   colorette: [ '2.0.20' ],
34 silly audit   'combined-stream': [ '1.0.8' ],
34 silly audit   commander: [ '8.3.0', '7.2.0', '4.1.1', '2.20.3' ],
34 silly audit   'common-tags': [ '1.8.2' ],
34 silly audit   commondir: [ '1.0.1' ],
34 silly audit   compressible: [ '2.0.18' ],
34 silly audit   compression: [ '1.8.1' ],
34 silly audit   'concat-map': [ '0.0.1' ],
34 silly audit   'confusing-browser-globals': [ '1.0.11' ],
34 silly audit   'connect-history-api-fallback': [ '2.0.0' ],
34 silly audit   'content-disposition': [ '0.5.4' ],
34 silly audit   'content-type': [ '1.0.5' ],
34 silly audit   cookie: [ '1.1.1', '0.7.2' ],
34 silly audit   'cookie-signature': [ '1.0.7' ],
34 silly audit   'core-js': [ '3.49.0' ],
34 silly audit   'core-js-compat': [ '3.49.0' ],
34 silly audit   'core-js-pure': [ '3.49.0' ],
34 silly audit   'core-util-is': [ '1.0.3' ],
34 silly audit   cosmiconfig: [ '7.1.0', '6.0.0' ],
34 silly audit   'cosmiconfig-typescript-loader': [ '1.0.9' ],
34 silly audit   'cra-template': [ '1.2.0' ],
34 silly audit   'create-require': [ '1.1.1' ],
34 silly audit   'cross-spawn': [ '7.0.6' ],
34 silly audit   'crypto-random-string': [ '2.0.0' ],
34 silly audit   'css-blank-pseudo': [ '3.0.3' ],
34 silly audit   'css-declaration-sorter': [ '6.4.1' ],
34 silly audit   'css-has-pseudo': [ '3.0.4' ],
34 silly audit   'css-loader': [ '6.11.0' ],
34 silly audit   'css-minimizer-webpack-plugin': [ '3.4.1' ],
34 silly audit   'css-prefers-color-scheme': [ '6.0.3' ],
34 silly audit   'css-select': [ '4.3.0', '2.1.0' ],
34 silly audit   'css-select-base-adapter': [ '0.1.1' ],
34 silly audit   'css-tree': [ '1.0.0-alpha.37', '1.1.3' ],
34 silly audit   'css-what': [ '6.2.2', '3.4.2' ],
34 silly audit   cssdb: [ '7.11.2' ],
34 silly audit   cssesc: [ '3.0.0' ],
34 silly audit   cssnano: [ '5.1.15' ],
34 silly audit   'cssnano-preset-default': [ '5.2.14' ],
34 silly audit   'cssnano-utils': [ '3.1.0' ],
34 silly audit   csso: [ '4.2.0' ],
34 silly audit   'mdn-data': [ '2.0.14', '2.0.4' ],
34 silly audit   cssom: [ '0.4.4', '0.3.8' ],
34 silly audit   cssstyle: [ '2.3.0' ],
34 silly audit   'd3-array': [ '3.2.4' ],
34 silly audit   'd3-color': [ '3.1.0' ],
34 silly audit   'd3-ease': [ '3.0.1' ],
34 silly audit   'd3-format': [ '3.1.2' ],
34 silly audit   'd3-interpolate': [ '3.0.1' ],
34 silly audit   'd3-path': [ '3.1.0' ],
34 silly audit   'd3-scale': [ '4.0.2' ],
34 silly audit   'd3-shape': [ '3.2.0' ],
34 silly audit   'd3-time': [ '3.1.0' ],
34 silly audit   'd3-time-format': [ '4.1.0' ],
34 silly audit   'd3-timer': [ '3.0.1' ],
34 silly audit   'damerau-levenshtein': [ '1.0.8' ],
34 silly audit   'data-urls': [ '2.0.0' ],
34 silly audit   'data-view-buffer': [ '1.0.2' ],
34 silly audit   'data-view-byte-length': [ '1.0.2' ],
34 silly audit   'data-view-byte-offset': [ '1.0.1' ],
34 silly audit   'date-fns': [ '4.1.0' ],
34 silly audit   dayjs: [ '1.11.13' ],
34 silly audit   'decimal.js': [ '10.6.0' ],
34 silly audit   'decimal.js-light': [ '2.5.1' ],
34 silly audit   dedent: [ '0.7.0' ],
34 silly audit   'deep-is': [ '0.1.4' ],
34 silly audit   deepmerge: [ '4.3.1' ],
34 silly audit   'default-gateway': [ '6.0.3' ],
34 silly audit   'define-data-property': [ '1.1.4' ],
34 silly audit   'define-lazy-prop': [ '2.0.0' ],
34 silly audit   'define-properties': [ '1.2.1' ],
34 silly audit   'delayed-stream': [ '1.0.0' ],
34 silly audit   depd: [ '2.0.0', '1.1.2' ],
34 silly audit   dequal: [ '2.0.3' ],
34 silly audit   destroy: [ '1.2.0' ],
34 silly audit   'detect-newline': [ '3.1.0' ],
34 silly audit   'detect-node': [ '2.1.0' ],
34 silly audit   'detect-node-es': [ '1.1.0' ],
34 silly audit   'detect-port-alt': [ '1.1.6' ],
34 silly audit   didyoumean: [ '1.2.2' ],
34 silly audit   diff: [ '4.0.4' ],
34 silly audit   'diff-sequences': [ '27.5.1' ],
34 silly audit   'dir-glob': [ '3.0.1' ],
34 silly audit   dlv: [ '1.1.3' ],
34 silly audit   'dns-packet': [ '5.6.1' ],
34 silly audit   doctrine: [ '2.1.0', '3.0.0' ],
34 silly audit   'dom-converter': [ '0.2.0' ],
34 silly audit   'dom-serializer': [ '1.4.1', '0.2.2' ],
34 silly audit   domelementtype: [ '2.3.0', '1.3.1' ],
34 silly audit   domexception: [ '2.0.1' ],
34 silly audit   'webidl-conversions': [ '5.0.0', '6.1.0', '4.0.2' ],
34 silly audit   domhandler: [ '4.3.1' ],
34 silly audit   domutils: [ '2.8.0', '1.7.0' ],
34 silly audit   'dot-case': [ '3.0.4' ],
34 silly audit   dotenv: [ '16.4.5', '10.0.0' ],
34 silly audit   'dotenv-expand': [ '5.1.0' ],
34 silly audit   'dunder-proto': [ '1.0.1' ],
34 silly audit   duplexer: [ '0.1.2' ],
34 silly audit   'ee-first': [ '1.1.1' ],
34 silly audit   ejs: [ '3.1.10' ],
34 silly audit   'electron-to-chromium': [ '1.5.378' ],
34 silly audit   'embla-carousel': [ '8.6.0' ],
34 silly audit   'embla-carousel-react': [ '8.6.0' ],
34 silly audit   'embla-carousel-reactive-utils': [ '8.6.0' ],
34 silly audit   emittery: [ '0.8.1', '0.10.2' ],
34 silly audit   'emoji-regex': [ '9.2.2', '8.0.0' ],
34 silly audit   'emojis-list': [ '3.0.0' ],
34 silly audit   encodeurl: [ '2.0.0' ],
34 silly audit   'enhanced-resolve': [ '5.24.1' ],
34 silly audit   entities: [ '2.2.0' ],
34 silly audit   'error-ex': [ '1.3.4' ],
34 silly audit   'error-stack-parser': [ '2.1.4' ],
34 silly audit   'es-abstract': [ '1.24.2' ],
34 silly audit   'es-abstract-get': [ '1.0.0' ],
34 silly audit   'es-array-method-boxes-properly': [ '1.0.0' ],
34 silly audit   'es-define-property': [ '1.0.1' ],
34 silly audit   'es-errors': [ '1.3.0' ],
34 silly audit   'es-iterator-helpers': [ '1.3.3' ],
34 silly audit   'es-module-lexer': [ '2.1.0' ],
34 silly audit   'es-object-atoms': [ '1.1.2' ],
34 silly audit   'es-set-tostringtag': [ '2.1.0' ],
34 silly audit   'es-shim-unscopables': [ '1.1.0' ],
34 silly audit   'es-to-primitive': [ '1.3.1' ],
34 silly audit   'es-toolkit': [ '1.48.1' ],
34 silly audit   escalade: [ '3.2.0' ],
34 silly audit   'escape-html': [ '1.0.3' ],
34 silly audit   escodegen: [ '2.1.0' ],
34 silly audit   eslint: [ '9.23.0', '8.57.1' ],
34 silly audit   'eslint-config-react-app': [ '7.0.1' ],
34 silly audit   'eslint-plugin-react-hooks': [ '4.6.2', '5.2.0' ],
34 silly audit   'eslint-import-resolver-node': [ '0.3.10' ],
34 silly audit   'eslint-module-utils': [ '2.13.0' ],
34 silly audit   'eslint-plugin-flowtype': [ '8.0.3' ],
34 silly audit   'eslint-plugin-import': [ '2.31.0' ],
34 silly audit   'eslint-plugin-jest': [ '25.7.0' ],
34 silly audit   'eslint-plugin-jsx-a11y': [ '6.10.2' ],
34 silly audit   'eslint-plugin-react': [ '7.37.4' ],
34 silly audit   'eslint-plugin-testing-library': [ '5.11.1' ],
34 silly audit   'eslint-webpack-plugin': [ '3.2.0' ],
34 silly audit   'jest-worker': [ '28.1.3', '27.5.1', '26.6.2' ],
34 silly audit   espree: [ '10.4.0', '9.6.1' ],
34 silly audit   esprima: [ '4.0.1', '1.2.5' ],
34 silly audit   esquery: [ '1.7.0' ],
34 silly audit   esrecurse: [ '4.3.0' ],
34 silly audit   'estree-walker': [ '1.0.1' ],
34 silly audit   esutils: [ '2.0.3' ],
34 silly audit   etag: [ '1.8.1' ],
34 silly audit   eventemitter3: [ '5.0.4', '4.0.7' ],
34 silly audit   events: [ '3.3.0' ],
34 silly audit   execa: [ '5.1.1' ],
34 silly audit   exit: [ '0.1.2' ],
34 silly audit   expect: [ '27.5.1' ],
34 silly audit   express: [ '4.22.2' ],
34 silly audit   'fast-deep-equal': [ '3.1.3' ],
34 silly audit   'fast-glob': [ '3.3.3' ],
34 silly audit   'fast-json-stable-stringify': [ '2.1.0' ],
34 silly audit   'fast-levenshtein': [ '2.0.6' ],
34 silly audit   'fast-uri': [ '3.1.2' ],
34 silly audit   fastq: [ '1.20.1' ],
34 silly audit   'faye-websocket': [ '0.11.4' ],
34 silly audit   'fb-watchman': [ '2.0.2' ],
34 silly audit   fdir: [ '6.5.0' ],
34 silly audit   'file-entry-cache': [ '8.0.0', '6.0.1' ],
34 silly audit   'file-loader': [ '6.2.0' ],
34 silly audit   filelist: [ '1.0.6' ],
34 silly audit   minimatch: [ '5.1.9', '3.1.5' ],
34 silly audit   filesize: [ '8.0.7' ],
34 silly audit   'fill-range': [ '7.1.1' ],
34 silly audit   finalhandler: [ '1.3.2' ],
34 silly audit   'find-cache-dir': [ '3.3.2' ],
34 silly audit   flat: [ '5.0.2' ],
34 silly audit   'flat-cache': [ '4.0.1', '3.2.0' ],
34 silly audit   flatted: [ '3.4.2' ],
34 silly audit   'follow-redirects': [ '1.16.0' ],
34 silly audit   'for-each': [ '0.3.5' ],
34 silly audit   'fork-ts-checker-webpack-plugin': [ '6.5.3' ],
34 silly audit   'fs-extra': [ '9.1.0', '10.1.0' ],
34 silly audit   tapable: [ '1.1.3', '2.3.3' ],
34 silly audit   'form-data': [ '4.0.6', '3.0.5' ],
34 silly audit   forwarded: [ '0.2.0' ],
34 silly audit   'fraction.js': [ '4.3.7' ],
34 silly audit   'framer-motion': [ '11.18.0' ],
34 silly audit   fresh: [ '0.5.2' ],
34 silly audit   'fs-monkey': [ '1.1.0' ],
34 silly audit   'fs.realpath': [ '1.0.0' ],
34 silly audit   fsevents: [ '2.3.3' ],
34 silly audit   'function-bind': [ '1.1.2' ],
34 silly audit   'function.prototype.name': [ '1.2.0' ],
34 silly audit   'functions-have-names': [ '1.2.3' ],
34 silly audit   'generator-function': [ '2.0.1' ],
34 silly audit   gensync: [ '1.0.0-beta.2' ],
34 silly audit   'get-caller-file': [ '2.0.5' ],
34 silly audit   'get-intrinsic': [ '1.3.0' ],
34 silly audit   'get-nonce': [ '1.0.1' ],
34 silly audit   'get-own-enumerable-property-symbols': [ '3.0.2' ],
34 silly audit   'get-package-type': [ '0.1.0' ],
34 silly audit   'get-proto': [ '1.0.1' ],
34 silly audit   'get-stream': [ '6.0.1' ],
34 silly audit   'get-symbol-description': [ '1.1.0' ],
34 silly audit   glob: [ '7.2.3' ],
34 silly audit   'global-modules': [ '2.0.0' ],
34 silly audit   'global-prefix': [ '3.0.0' ],
34 silly audit   which: [ '1.3.1', '2.0.2' ],
34 silly audit   globalthis: [ '1.0.4' ],
34 silly audit   globby: [ '11.1.0' ],
34 silly audit   gopd: [ '1.2.0' ],
34 silly audit   'graceful-fs': [ '4.2.11' ],
34 silly audit   graphemer: [ '1.4.0' ],
34 silly audit   'gzip-size': [ '6.0.0' ],
34 silly audit   'handle-thing': [ '2.0.1' ],
34 silly audit   'harmony-reflect': [ '1.6.2' ],
34 silly audit   'has-bigints': [ '1.1.0' ],
34 silly audit   'has-property-descriptors': [ '1.0.2' ],
34 silly audit   'has-proto': [ '1.2.0' ],
34 silly audit   'has-symbols': [ '1.1.0' ],
34 silly audit   'has-tostringtag': [ '1.0.2' ],
34 silly audit   hasown: [ '2.0.4' ],
34 silly audit   he: [ '1.2.0' ],
34 silly audit   hoopy: [ '0.1.4' ],
34 silly audit   'hpack.js': [ '2.1.6' ],
34 silly audit   isarray: [ '1.0.0', '2.0.5' ],
34 silly audit   'readable-stream': [ '2.3.8', '3.6.2' ],
34 silly audit   'safe-buffer': [ '5.1.2', '5.2.1' ],
34 silly audit   string_decoder: [ '1.1.1', '1.3.0' ],
34 silly audit   'html-encoding-sniffer': [ '2.0.1' ],
34 silly audit   'html-entities': [ '2.6.0' ],
34 silly audit   'html-escaper': [ '2.0.2' ],
34 silly audit   'html-minifier-terser': [ '6.1.0' ],
34 silly audit   'html-webpack-plugin': [ '5.6.7' ],
34 silly audit   htmlparser2: [ '6.1.0' ],
34 silly audit   'http-deceiver': [ '1.2.7' ],
34 silly audit   'http-errors': [ '2.0.1', '1.8.1' ],
34 silly audit   'http-parser-js': [ '0.5.10' ],
34 silly audit   'http-proxy': [ '1.18.1' ],
34 silly audit   'http-proxy-agent': [ '4.0.1' ],
34 silly audit   'http-proxy-middleware': [ '2.0.10' ],
34 silly audit   'https-proxy-agent': [ '5.0.1' ],
34 silly audit   'human-signals': [ '2.1.0' ],
34 silly audit   'icss-utils': [ '5.1.0' ],
34 silly audit   idb: [ '7.1.1' ],
34 silly audit   'identity-obj-proxy': [ '3.0.0' ],
34 silly audit   ignore: [ '5.3.2' ],
34 silly audit   'import-fresh': [ '3.3.1' ],
34 silly audit   'import-local': [ '3.2.0' ],
34 silly audit   imurmurhash: [ '0.1.4' ],
34 silly audit   inflight: [ '1.0.6' ],
34 silly audit   inherits: [ '2.0.4' ],
34 silly audit   ini: [ '1.3.8' ],
34 silly audit   'input-otp': [ '1.4.2' ],
34 silly audit   'internal-slot': [ '1.1.0' ],
34 silly audit   internmap: [ '2.0.3' ],
34 silly audit   'ipaddr.js': [ '2.4.0', '1.9.1' ],
34 silly audit   'is-array-buffer': [ '3.0.5' ],
34 silly audit   'is-arrayish': [ '0.2.1' ],
34 silly audit   'is-async-function': [ '2.1.1' ],
34 silly audit   'is-bigint': [ '1.1.0' ],
34 silly audit   'is-binary-path': [ '2.1.0' ],
34 silly audit   'is-boolean-object': [ '1.2.2' ],
34 silly audit   'is-callable': [ '1.2.7' ],
34 silly audit   'is-core-module': [ '2.16.2' ],
34 silly audit   'is-data-view': [ '1.0.2' ],
34 silly audit   'is-date-object': [ '1.1.0' ],
34 silly audit   'is-docker': [ '2.2.1' ],
34 silly audit   'is-document.all': [ '1.0.0' ],
34 silly audit   'is-extglob': [ '2.1.1' ],
34 silly audit   'is-finalizationregistry': [ '1.1.1' ],
34 silly audit   'is-fullwidth-code-point': [ '3.0.0' ],
34 silly audit   'is-generator-fn': [ '2.1.0' ],
34 silly audit   'is-generator-function': [ '1.1.2' ],
34 silly audit   'is-glob': [ '4.0.3' ],
34 silly audit   'is-map': [ '2.0.3' ],
34 silly audit   'is-module': [ '1.0.0' ],
34 silly audit   'is-negative-zero': [ '2.0.3' ],
34 silly audit   'is-number': [ '7.0.0' ],
34 silly audit   'is-number-object': [ '1.1.1' ],
34 silly audit   'is-obj': [ '1.0.1' ],
34 silly audit   'is-path-inside': [ '3.0.3' ],
34 silly audit   'is-plain-obj': [ '3.0.0' ],
34 silly audit   'is-plain-object': [ '2.0.4' ],
34 silly audit   'is-potential-custom-element-name': [ '1.0.1' ],
34 silly audit   'is-regex': [ '1.2.1' ],
34 silly audit   'is-regexp': [ '1.0.0' ],
34 silly audit   'is-root': [ '2.1.0' ],
34 silly audit   'is-set': [ '2.0.3' ],
34 silly audit   'is-shared-array-buffer': [ '1.0.4' ],
34 silly audit   'is-stream': [ '2.0.1' ],
34 silly audit   'is-string': [ '1.1.1' ],
34 silly audit   'is-symbol': [ '1.1.1' ],
34 silly audit   'is-typed-array': [ '1.1.15' ],
34 silly audit   'is-typedarray': [ '1.0.0' ],
34 silly audit   'is-weakmap': [ '2.0.2' ],
34 silly audit   'is-weakref': [ '1.1.1' ],
34 silly audit   'is-weakset': [ '2.0.4' ],
34 silly audit   'is-wsl': [ '2.2.0' ],
34 silly audit   isexe: [ '2.0.0' ],
34 silly audit   isobject: [ '3.0.1' ],
34 silly audit   'istanbul-lib-coverage': [ '3.2.2' ],
34 silly audit   'istanbul-lib-instrument': [ '5.2.1' ],
34 silly audit   'istanbul-lib-report': [ '3.0.1' ],
34 silly audit   'make-dir': [ '4.0.0', '3.1.0' ],
34 silly audit   'istanbul-lib-source-maps': [ '4.0.1' ],
34 silly audit   'istanbul-reports': [ '3.2.0' ],
34 silly audit   'iterator.prototype': [ '1.1.5' ],
34 silly audit   jake: [ '10.9.4' ],
34 silly audit   jest: [ '27.5.1' ],
34 silly audit   'jest-changed-files': [ '27.5.1' ],
34 silly audit   'jest-circus': [ '27.5.1' ],
34 silly audit   'jest-cli': [ '27.5.1' ],
34 silly audit   'jest-config': [ '27.5.1' ],
34 silly audit   'jest-diff': [ '27.5.1' ],
34 silly audit   'jest-docblock': [ '27.5.1' ],
34 silly audit   'jest-each': [ '27.5.1' ],
34 silly audit   'jest-environment-jsdom': [ '27.5.1' ],
34 silly audit   'jest-environment-node': [ '27.5.1' ],
34 silly audit   'jest-get-type': [ '27.5.1' ],
34 silly audit   'jest-haste-map': [ '27.5.1' ],
34 silly audit   'jest-jasmine2': [ '27.5.1' ],
34 silly audit   'jest-leak-detector': [ '27.5.1' ],
34 silly audit   'jest-matcher-utils': [ '27.5.1' ],
34 silly audit   'jest-message-util': [ '27.5.1', '28.1.3' ],
34 silly audit   'jest-mock': [ '27.5.1' ],
34 silly audit   'jest-pnp-resolver': [ '1.2.3' ],
34 silly audit   'jest-regex-util': [ '27.5.1', '28.0.2' ],
34 silly audit   'jest-resolve': [ '27.5.1' ],
34 silly audit   'jest-resolve-dependencies': [ '27.5.1' ],
34 silly audit   'jest-runner': [ '27.5.1' ],
34 silly audit   'jest-runtime': [ '27.5.1' ],
34 silly audit   'jest-serializer': [ '27.5.1' ],
34 silly audit   'jest-snapshot': [ '27.5.1' ],
34 silly audit   'jest-util': [ '27.5.1', '28.1.3' ],
34 silly audit   'jest-validate': [ '27.5.1' ],
34 silly audit   'jest-watch-typeahead': [ '1.1.0' ],
34 silly audit   slash: [ '3.0.0', '4.0.0' ],
34 silly audit   'jest-watcher': [ '28.1.3', '27.5.1' ],
34 silly audit   'string-length': [ '4.0.2', '5.0.1' ],
34 silly audit   'strip-ansi': [ '6.0.1', '7.2.0' ],
34 silly audit   'pretty-format': [ '28.1.3', '27.5.1' ],
34 silly audit   'react-is': [ '18.3.1', '17.0.2', '16.13.1' ],
34 silly audit   jiti: [ '1.21.7' ],
34 silly audit   'js-tokens': [ '4.0.0' ],
34 silly audit   jsdom: [ '16.7.0' ],
34 silly audit   jsesc: [ '3.1.0' ],
34 silly audit   'json-buffer': [ '3.0.1' ],
34 silly audit   'json-parse-even-better-errors': [ '2.3.1' ],
34 silly audit   'json-stable-stringify-without-jsonify': [ '1.0.1' ],
34 silly audit   json5: [ '2.2.3', '1.0.2' ],
34 silly audit   jsonfile: [ '6.2.1' ],
34 silly audit   jsonpath: [ '1.3.0' ],
34 silly audit   jsonpointer: [ '5.0.1' ],
34 silly audit   'jsx-ast-utils': [ '3.3.5' ],
34 silly audit   keyv: [ '4.5.4' ],
34 silly audit   'kind-of': [ '6.0.3' ],
34 silly audit   kleur: [ '3.0.3' ],
34 silly audit   klona: [ '2.0.6' ],
34 silly audit   'language-subtag-registry': [ '0.3.23' ],
34 silly audit   'language-tags': [ '1.0.9' ],
34 silly audit   'launch-editor': [ '2.14.1' ],
34 silly audit   leven: [ '3.1.0' ],
34 silly audit   levn: [ '0.4.1' ],
34 silly audit   lilconfig: [ '2.1.0', '3.1.3' ],
34 silly audit   'lines-and-columns': [ '1.2.4' ],
34 silly audit   'loader-runner': [ '4.3.2' ],
34 silly audit   'loader-utils': [ '2.0.4', '3.3.1' ],
34 silly audit   lodash: [ '4.18.1' ],
34 silly audit   'lodash.debounce': [ '4.0.8' ],
34 silly audit   'lodash.memoize': [ '4.1.2' ],
34 silly audit   'lodash.merge': [ '4.6.2' ],
34 silly audit   'lodash.sortby': [ '4.7.0' ],
34 silly audit   'lodash.uniq': [ '4.5.0' ],
34 silly audit   'loose-envify': [ '1.4.0' ],
34 silly audit   'lower-case': [ '2.0.2' ],
34 silly audit   'lru-cache': [ '5.1.1' ],
34 silly audit   'lucide-react': [ '0.516.0' ],
34 silly audit   'magic-string': [ '0.25.9' ],
34 silly audit   'make-error': [ '1.3.6' ],
34 silly audit   makeerror: [ '1.0.12' ],
34 silly audit   'math-intrinsics': [ '1.1.0' ],
34 silly audit   'media-typer': [ '0.3.0' ],
34 silly audit   memfs: [ '3.5.3' ],
34 silly audit   'merge-descriptors': [ '1.0.3' ],
34 silly audit   'merge-stream': [ '2.0.0' ],
34 silly audit   merge2: [ '1.4.1' ],
34 silly audit   methods: [ '1.1.2' ],
34 silly audit   micromatch: [ '4.0.8' ],
34 silly audit   mime: [ '1.6.0' ],
34 silly audit   'mime-db': [ '1.52.0', '1.54.0' ],
34 silly audit   'mime-types': [ '2.1.35' ],
34 silly audit   'mimic-fn': [ '2.1.0' ],
34 silly audit   'mini-css-extract-plugin': [ '2.10.2' ],
34 silly audit   'minimalistic-assert': [ '1.0.1' ],
34 silly audit   minimist: [ '1.2.8' ],
34 silly audit   'minimizer-webpack-plugin': [ '5.6.1' ],
34 silly audit   mkdirp: [ '0.5.6' ],
34 silly audit   'motion-dom': [ '11.18.1' ],
34 silly audit   'motion-utils': [ '11.18.1' ],
34 silly audit   'multicast-dns': [ '7.2.5' ],
34 silly audit   mz: [ '2.7.0' ],
34 silly audit   nanoid: [ '3.3.15' ],
34 silly audit   'natural-compare': [ '1.4.0' ],
34 silly audit   'natural-compare-lite': [ '1.4.0' ],
34 silly audit   'neo-async': [ '2.6.2' ],
34 silly audit   'next-themes': [ '0.4.6' ],
34 silly audit   'no-case': [ '3.0.4' ],
34 silly audit   'node-exports-info': [ '1.6.2' ],
34 silly audit   'node-forge': [ '1.4.0' ],
34 silly audit   'node-int64': [ '0.4.0' ],
34 silly audit   'node-releases': [ '2.0.50' ],
34 silly audit   'normalize-path': [ '3.0.0' ],
34 silly audit   'normalize-range': [ '0.1.2' ],
34 silly audit   'normalize-url': [ '6.1.0' ],
34 silly audit   'npm-run-path': [ '4.0.1' ],
34 silly audit   'nth-check': [ '2.1.1', '1.0.2' ],
34 silly audit   nwsapi: [ '2.2.24' ],
34 silly audit   'object-assign': [ '4.1.1' ],
34 silly audit   'object-hash': [ '3.0.0' ],
34 silly audit   'object-inspect': [ '1.13.4' ],
34 silly audit   'object-keys': [ '1.1.1' ],
34 silly audit   'object.assign': [ '4.1.7' ],
34 silly audit   'object.entries': [ '1.1.9' ],
34 silly audit   'object.fromentries': [ '2.0.8' ],
34 silly audit   'object.getownpropertydescriptors': [ '2.1.9' ],
34 silly audit   'object.groupby': [ '1.0.3' ],
34 silly audit   'object.values': [ '1.2.1' ],
34 silly audit   obuf: [ '1.1.2' ],
34 silly audit   'on-finished': [ '2.4.1' ],
34 silly audit   'on-headers': [ '1.1.0' ],
34 silly audit   once: [ '1.4.0' ],
34 silly audit   onetime: [ '5.1.2' ],
34 silly audit   open: [ '8.4.2' ],
34 silly audit   optionator: [ '0.9.4' ],
34 silly audit   'own-keys': [ '1.0.1' ],
34 silly audit   'p-retry': [ '4.6.2' ],
34 silly audit   'p-try': [ '2.2.0' ],
34 silly audit   'param-case': [ '3.0.4' ],
34 silly audit   'parent-module': [ '1.0.1' ],
34 silly audit   'parse-json': [ '5.2.0' ],
34 silly audit   parse5: [ '6.0.1' ],
34 silly audit   parseurl: [ '1.3.3' ],
34 silly audit   'pascal-case': [ '3.1.2' ],
34 silly audit   'path-exists': [ '4.0.0', '3.0.0' ],
34 silly audit   'path-is-absolute': [ '1.0.1' ],
34 silly audit   'path-key': [ '3.1.1' ],
34 silly audit   'path-parse': [ '1.0.7' ],
34 silly audit   'path-to-regexp': [ '0.1.13' ],
34 silly audit   'path-type': [ '4.0.0' ],
34 silly audit   'performance-now': [ '2.1.0' ],
34 silly audit   picocolors: [ '1.1.1', '0.2.1' ],
34 silly audit   picomatch: [ '2.3.2', '4.0.4' ],
34 silly audit   pify: [ '2.3.0' ],
34 silly audit   pirates: [ '4.0.7' ],
34 silly audit   'pkg-dir': [ '4.2.0' ],
34 silly audit   'pkg-up': [ '3.1.0' ],
34 silly audit   'possible-typed-array-names': [ '1.1.0' ],
34 silly audit   postcss: [ '8.5.10', '7.0.39' ],
34 silly audit   'postcss-attribute-case-insensitive': [ '5.0.2' ],
34 silly audit   'postcss-browser-comments': [ '4.0.0' ],
34 silly audit   'postcss-calc': [ '8.2.4' ],
34 silly audit   'postcss-clamp': [ '4.1.0' ],
34 silly audit   'postcss-color-functional-notation': [ '4.2.4' ],
34 silly audit   'postcss-color-hex-alpha': [ '8.0.4' ],
34 silly audit   'postcss-color-rebeccapurple': [ '7.1.1' ],
34 silly audit   'postcss-colormin': [ '5.3.1' ],
34 silly audit   'postcss-convert-values': [ '5.1.3' ],
34 silly audit   'postcss-custom-media': [ '8.0.2' ],
34 silly audit   'postcss-custom-properties': [ '12.1.11' ],
34 silly audit   'postcss-custom-selectors': [ '6.0.3' ],
34 silly audit   'postcss-dir-pseudo-class': [ '6.0.5' ],
34 silly audit   'postcss-discard-comments': [ '5.1.2' ],
34 silly audit   'postcss-discard-duplicates': [ '5.1.0' ],
34 silly audit   'postcss-discard-empty': [ '5.1.1' ],
34 silly audit   'postcss-discard-overridden': [ '5.1.0' ],
34 silly audit   'postcss-double-position-gradients': [ '3.1.2' ],
34 silly audit   'postcss-env-function': [ '4.0.6' ],
34 silly audit   'postcss-flexbugs-fixes': [ '5.0.2' ],
34 silly audit   'postcss-focus-visible': [ '6.0.4' ],
34 silly audit   'postcss-focus-within': [ '5.0.4' ],
34 silly audit   'postcss-font-variant': [ '5.0.0' ],
34 silly audit   'postcss-gap-properties': [ '3.0.5' ],
34 silly audit   'postcss-image-set-function': [ '4.0.7' ],
34 silly audit   'postcss-import': [ '15.1.0' ],
34 silly audit   'postcss-initial': [ '4.0.1' ],
34 silly audit   'postcss-js': [ '4.1.0' ],
34 silly audit   'postcss-lab-function': [ '4.2.1' ],
34 silly audit   'postcss-load-config': [ '4.0.2' ],
34 silly audit   yaml: [ '2.9.0', '1.10.3' ],
34 silly audit   'postcss-loader': [ '6.2.1' ],
34 silly audit   'postcss-logical': [ '5.0.4' ],
34 silly audit   'postcss-media-minmax': [ '5.0.0' ],
34 silly audit   'postcss-merge-longhand': [ '5.1.7' ],
34 silly audit   'postcss-merge-rules': [ '5.1.4' ],
34 silly audit   'postcss-minify-font-values': [ '5.1.0' ],
34 silly audit   'postcss-minify-gradients': [ '5.1.1' ],
34 silly audit   'postcss-minify-params': [ '5.1.4' ],
34 silly audit   'postcss-minify-selectors': [ '5.2.1' ],
34 silly audit   'postcss-modules-extract-imports': [ '3.1.0' ],
34 silly audit   'postcss-modules-local-by-default': [ '4.2.0' ],
34 silly audit   'postcss-selector-parser': [ '7.1.4', '6.1.4' ],
34 silly audit   'postcss-modules-scope': [ '3.2.1' ],
34 silly audit   'postcss-modules-values': [ '4.0.0' ],
34 silly audit   'postcss-nested': [ '6.2.0' ],
34 silly audit   'postcss-nesting': [ '10.2.0' ],
34 silly audit   'postcss-normalize': [ '10.0.1' ],
34 silly audit   'postcss-normalize-charset': [ '5.1.0' ],
34 silly audit   'postcss-normalize-display-values': [ '5.1.0' ],
34 silly audit   'postcss-normalize-positions': [ '5.1.1' ],
34 silly audit   'postcss-normalize-repeat-style': [ '5.1.1' ],
34 silly audit   'postcss-normalize-string': [ '5.1.0' ],
34 silly audit   'postcss-normalize-timing-functions': [ '5.1.0' ],
34 silly audit   'postcss-normalize-unicode': [ '5.1.1' ],
34 silly audit   'postcss-normalize-url': [ '5.1.0' ],
34 silly audit   'postcss-normalize-whitespace': [ '5.1.1' ],
34 silly audit   'postcss-opacity-percentage': [ '1.1.3' ],
34 silly audit   'postcss-ordered-values': [ '5.1.3' ],
34 silly audit   'postcss-overflow-shorthand': [ '3.0.4' ],
34 silly audit   'postcss-page-break': [ '3.0.4' ],
34 silly audit   'postcss-place': [ '7.0.5' ],
34 silly audit   'postcss-preset-env': [ '7.8.3' ],
34 silly audit   'postcss-pseudo-class-any-link': [ '7.1.6' ],
34 silly audit   'postcss-reduce-initial': [ '5.1.2' ],
34 silly audit   'postcss-reduce-transforms': [ '5.1.0' ],
34 silly audit   'postcss-replace-overflow-wrap': [ '4.0.0' ],
34 silly audit   'postcss-selector-not': [ '6.0.1' ],
34 silly audit   'postcss-svgo': [ '5.1.0' ],
34 silly audit   sax: [ '1.6.0', '1.2.4' ],
34 silly audit   svgo: [ '2.8.2', '1.3.2' ],
34 silly audit   'postcss-unique-selectors': [ '5.1.1' ],
34 silly audit   'postcss-value-parser': [ '4.2.0' ],
34 silly audit   'prelude-ls': [ '1.2.1' ],
34 silly audit   'pretty-bytes': [ '5.6.0' ],
34 silly audit   'pretty-error': [ '4.0.0' ],
34 silly audit   'process-nextick-args': [ '2.0.1' ],
34 silly audit   promise: [ '8.3.0' ],
34 silly audit   prompts: [ '2.4.2' ],
34 silly audit   'prop-types': [ '15.8.1' ],
34 silly audit   'proxy-addr': [ '2.0.7' ],
34 silly audit   'proxy-from-env': [ '2.1.0' ],
34 silly audit   psl: [ '1.15.0' ],
34 silly audit   punycode: [ '2.3.1' ],
34 silly audit   q: [ '1.5.1' ],
34 silly audit   qs: [ '6.15.3' ],
34 silly audit   querystringify: [ '2.2.0' ],
34 silly audit   'queue-microtask': [ '1.2.3' ],
34 silly audit   raf: [ '3.4.1' ],
34 silly audit   randombytes: [ '2.1.0' ],
34 silly audit   'range-parser': [ '1.2.1' ],
34 silly audit   'raw-body': [ '2.5.3' ],
34 silly audit   react: [ '19.0.0' ],
34 silly audit   'react-app-polyfill': [ '3.0.0' ],
34 silly audit   'react-day-picker': [ '8.10.1' ],
34 silly audit   'react-dev-utils': [ '12.0.1' ],
34 silly audit   'react-dom': [ '19.0.0' ],
34 silly audit   'react-error-overlay': [ '6.1.0' ],
34 silly audit   'react-hook-form': [ '7.56.2' ],
34 silly audit   'react-redux': [ '9.3.0' ],
34 silly audit   'react-refresh': [ '0.11.0' ],
34 silly audit   'react-remove-scroll': [ '2.7.2' ],
34 silly audit   'react-remove-scroll-bar': [ '2.3.8' ],
34 silly audit   'react-resizable-panels': [ '3.0.1' ],
34 silly audit   'react-router': [ '7.15.0' ],
34 silly audit   'react-router-dom': [ '7.15.0' ],
34 silly audit   'react-scripts': [ '5.0.1' ],
34 silly audit   'type-fest': [ '0.20.2', '0.16.0', '0.21.3' ],
34 silly audit   'react-style-singleton': [ '2.2.3' ],
34 silly audit   'read-cache': [ '1.0.0' ],
34 silly audit   readdirp: [ '3.6.0' ],
34 silly audit   recharts: [ '3.6.0' ],
34 silly audit   'recursive-readdir': [ '2.2.3' ],
34 silly audit   redux: [ '5.0.1' ],
34 silly audit   'redux-thunk': [ '3.1.0' ],
34 silly audit   'reflect.getprototypeof': [ '1.0.10' ],
34 silly audit   regenerate: [ '1.4.2' ],
34 silly audit   'regenerate-unicode-properties': [ '10.2.2' ],
34 silly audit   'regenerator-runtime': [ '0.13.11' ],
34 silly audit   'regex-parser': [ '2.3.1' ],
34 silly audit   'regexp.prototype.flags': [ '1.5.4' ],
34 silly audit   'regexpu-core': [ '6.4.0' ],
34 silly audit   regjsgen: [ '0.8.0' ],
34 silly audit   regjsparser: [ '0.13.2' ],
34 silly audit   relateurl: [ '0.2.7' ],
34 silly audit   renderkid: [ '3.0.0' ],
34 silly audit   'require-directory': [ '2.1.1' ],
34 silly audit   'require-from-string': [ '2.0.2' ],
34 silly audit   'requires-port': [ '1.0.0' ],
34 silly audit   reselect: [ '5.1.1' ],
34 silly audit   'resolve-cwd': [ '3.0.0' ],
34 silly audit   'resolve-url-loader': [ '4.0.0' ],
34 silly audit   'resolve.exports': [ '1.1.1' ],
34 silly audit   retry: [ '0.13.1' ],
34 silly audit   reusify: [ '1.1.0' ],
34 silly audit   rimraf: [ '3.0.2' ],
34 silly audit   rollup: [ '2.80.0' ],
34 silly audit   'rollup-plugin-terser': [ '7.0.2' ],
34 silly audit   'serialize-javascript': [ '4.0.0', '6.0.2' ],
34 silly audit   'run-parallel': [ '1.2.0' ],
34 silly audit   'safe-array-concat': [ '1.1.4' ],
34 silly audit   'safe-push-apply': [ '1.0.0' ],
34 silly audit   'safe-regex-test': [ '1.1.0' ],
34 silly audit   'safer-buffer': [ '2.1.2' ],
34 silly audit   'sanitize.css': [ '13.0.0' ],
34 silly audit   'sass-loader': [ '12.6.0' ],
34 silly audit   saxes: [ '5.0.1' ],
34 silly audit   scheduler: [ '0.25.0' ],
34 silly audit   'select-hose': [ '2.0.0' ],
34 silly audit   selfsigned: [ '2.4.1' ],
34 silly audit   send: [ '0.19.2' ],
34 silly audit   'serve-index': [ '1.9.2' ],
34 silly audit   statuses: [ '1.5.0', '2.0.2' ],
34 silly audit   'serve-static': [ '1.16.3' ],
34 silly audit   'set-cookie-parser': [ '2.7.2' ],
34 silly audit   'set-function-length': [ '1.2.2' ],
34 silly audit   'set-function-name': [ '2.0.2' ],
34 silly audit   'set-proto': [ '1.0.0' ],
34 silly audit   setprototypeof: [ '1.2.0' ],
34 silly audit   'shallow-clone': [ '3.0.1' ],
34 silly audit   'shebang-command': [ '2.0.0' ],
34 silly audit   'shebang-regex': [ '3.0.0' ],
34 silly audit   'shell-quote': [ '1.9.0' ],
34 silly audit   'side-channel': [ '1.1.1' ],
34 silly audit   'side-channel-list': [ '1.0.1' ],
34 silly audit   'side-channel-map': [ '1.0.1' ],
34 silly audit   'side-channel-weakmap': [ '1.0.2' ],
34 silly audit   'signal-exit': [ '3.0.7' ],
34 silly audit   sisteransi: [ '1.0.5' ],
34 silly audit   sockjs: [ '0.3.24' ],
34 silly audit   sonner: [ '2.0.3' ],
34 silly audit   'source-list-map': [ '2.0.1' ],
34 silly audit   'source-map-js': [ '1.2.1' ],
34 silly audit   'source-map-loader': [ '3.0.2' ],
34 silly audit   'source-map-support': [ '0.5.21' ],
34 silly audit   'sourcemap-codec': [ '1.4.8' ],
34 silly audit   spdy: [ '4.0.2' ],
34 silly audit   'spdy-transport': [ '3.0.0' ],
34 silly audit   'sprintf-js': [ '1.0.3' ],
34 silly audit   stable: [ '0.1.8' ],
34 silly audit   'stack-utils': [ '2.0.6' ],
34 silly audit   stackframe: [ '1.3.4' ],
34 silly audit   'static-eval': [ '2.1.1' ],
34 silly audit   'stop-iteration-iterator': [ '1.1.0' ],
34 silly audit   'string-natural-compare': [ '3.0.1' ],
34 silly audit   'string-width': [ '4.2.3' ],
34 silly audit   'string.prototype.includes': [ '2.0.1' ],
34 silly audit   'string.prototype.matchall': [ '4.0.12' ],
34 silly audit   'string.prototype.repeat': [ '1.0.0' ],
34 silly audit   'string.prototype.trim': [ '1.2.11' ],
34 silly audit   'string.prototype.trimend': [ '1.0.10' ],
34 silly audit   'string.prototype.trimstart': [ '1.0.8' ],
34 silly audit   'stringify-object': [ '3.3.0' ],
34 silly audit   'strip-bom': [ '4.0.0', '3.0.0' ],
34 silly audit   'strip-comments': [ '2.0.1' ],
34 silly audit   'strip-final-newline': [ '2.0.0' ],
34 silly audit   'strip-json-comments': [ '3.1.1' ],
34 silly audit   'style-loader': [ '3.3.4' ],
34 silly audit   stylehacks: [ '5.1.1' ],
34 silly audit   sucrase: [ '3.35.1' ],
34 silly audit   'supports-hyperlinks': [ '2.3.0' ],
34 silly audit   'supports-preserve-symlinks-flag': [ '1.0.0' ],
34 silly audit   'svg-parser': [ '2.0.4' ],
34 silly audit   swr: [ '2.3.8' ],
34 silly audit   'symbol-tree': [ '3.2.4' ],
34 silly audit   'tailwind-merge': [ '3.2.0' ],
34 silly audit   tailwindcss: [ '3.4.17' ],
34 silly audit   'tailwindcss-animate': [ '1.0.7' ],
34 silly audit   'temp-dir': [ '2.0.0' ],
34 silly audit   tempy: [ '0.6.0' ],
34 silly audit   'terminal-link': [ '2.1.1' ],
34 silly audit   terser: [ '5.48.0' ],
34 silly audit   'terser-webpack-plugin': [ '5.6.1' ],
34 silly audit   'test-exclude': [ '6.0.0' ],
34 silly audit   'text-table': [ '0.2.0' ],
34 silly audit   thenify: [ '3.3.1' ],
34 silly audit   'thenify-all': [ '1.6.0' ],
34 silly audit   throat: [ '6.0.2' ],
34 silly audit   thunky: [ '1.1.0' ],
34 silly audit   'tiny-invariant': [ '1.3.3' ],
34 silly audit   tinyglobby: [ '0.2.17' ],
34 silly audit   tmpl: [ '1.0.5' ],
34 silly audit   'to-regex-range': [ '5.0.1' ],
34 silly audit   toidentifier: [ '1.0.1' ],
34 silly audit   'tough-cookie': [ '4.1.4' ],
34 silly audit   universalify: [ '0.2.0', '2.0.1' ],
34 silly audit   tr46: [ '2.1.0', '1.0.1' ],
34 silly audit   tryer: [ '1.0.1' ],
34 silly audit   'ts-interface-checker': [ '0.1.13' ],
34 silly audit   'ts-node': [ '10.9.2' ],
34 silly audit   'tsconfig-paths': [ '3.15.0' ],
34 silly audit   tslib: [ '2.8.1', '1.14.1' ],
34 silly audit   tsutils: [ '3.21.0' ],
34 silly audit   'type-check': [ '0.4.0' ],
34 silly audit   'type-detect': [ '4.0.8' ],
34 silly audit   'type-is': [ '1.6.18' ],
34 silly audit   'typed-array-buffer': [ '1.0.3' ],
34 silly audit   'typed-array-byte-length': [ '1.0.3' ],
34 silly audit   'typed-array-byte-offset': [ '1.0.4' ],
34 silly audit   'typed-array-length': [ '1.0.8' ],
34 silly audit   'typedarray-to-buffer': [ '3.1.5' ],
34 silly audit   'unbox-primitive': [ '1.1.0' ],
34 silly audit   underscore: [ '1.13.6' ],
34 silly audit   'undici-types': [ '8.3.0' ],
34 silly audit   'unicode-canonical-property-names-ecmascript': [ '2.0.1' ],
34 silly audit   'unicode-match-property-ecmascript': [ '2.0.0' ],
34 silly audit   'unicode-match-property-value-ecmascript': [ '2.2.1' ],
34 silly audit   'unicode-property-aliases-ecmascript': [ '2.2.0' ],
34 silly audit   'unique-string': [ '2.0.0' ],
34 silly audit   unpipe: [ '1.0.0' ],
34 silly audit   unquote: [ '1.1.1' ],
34 silly audit   upath: [ '1.2.0' ],
34 silly audit   'update-browserslist-db': [ '1.2.3' ],
34 silly audit   'url-parse': [ '1.5.10' ],
34 silly audit   'use-callback-ref': [ '1.3.3' ],
34 silly audit   'use-sidecar': [ '1.1.3' ],
34 silly audit   'use-sync-external-store': [ '1.6.0' ],
34 silly audit   'util-deprecate': [ '1.0.2' ],
34 silly audit   'util.promisify': [ '1.0.1' ],
34 silly audit   utila: [ '0.4.0' ],
34 silly audit   'utils-merge': [ '1.0.1' ],
34 silly audit   uuid: [ '8.3.2' ],
34 silly audit   'v8-compile-cache-lib': [ '3.0.1' ],
34 silly audit   'v8-to-istanbul': [ '8.1.1' ],
34 silly audit   vary: [ '1.1.2' ],
34 silly audit   vaul: [ '1.1.2' ],
34 silly audit   'victory-vendor': [ '37.3.6' ],
34 silly audit   'w3c-hr-time': [ '1.0.2' ],
34 silly audit   'w3c-xmlserializer': [ '2.0.0' ],
34 silly audit   walker: [ '1.0.8' ],
34 silly audit   watchpack: [ '2.5.2' ],
34 silly audit   wbuf: [ '1.7.3' ],
34 silly audit   webpack: [ '5.108.0' ],
34 silly audit   'webpack-dev-middleware': [ '5.3.4' ],
34 silly audit   'webpack-dev-server': [ '4.15.2' ],
34 silly audit   ws: [ '8.21.0', '7.5.11' ],
34 silly audit   'webpack-manifest-plugin': [ '4.1.1' ],
34 silly audit   'webpack-sources': [ '2.3.1', '3.5.0', '1.4.3' ],
34 silly audit   'webpack-merge': [ '5.10.0' ],
34 silly audit   'websocket-driver': [ '0.7.5' ],
34 silly audit   'websocket-extensions': [ '0.1.4' ],
34 silly audit   'whatwg-encoding': [ '1.0.5' ],
34 silly audit   'whatwg-fetch': [ '3.6.20' ],
34 silly audit   'whatwg-mimetype': [ '2.3.0' ],
34 silly audit   'whatwg-url': [ '8.7.0', '7.1.0' ],
34 silly audit   'which-boxed-primitive': [ '1.1.1' ],
34 silly audit   'which-builtin-type': [ '1.2.1' ],
34 silly audit   'which-collection': [ '1.0.2' ],
34 silly audit   'which-typed-array': [ '1.1.22' ],
34 silly audit   wildcard: [ '2.0.1' ],
34 silly audit   'word-wrap': [ '1.2.5' ],
34 silly audit   'workbox-background-sync': [ '6.6.0' ],
34 silly audit   'workbox-broadcast-update': [ '6.6.0' ],
34 silly audit   'workbox-build': [ '6.6.0' ],
34 silly audit   'workbox-cacheable-response': [ '6.6.0' ],
34 silly audit   'workbox-core': [ '6.6.0' ],
34 silly audit   'workbox-expiration': [ '6.6.0' ],
34 silly audit   'workbox-google-analytics': [ '6.6.0' ],
34 silly audit   'workbox-navigation-preload': [ '6.6.0' ],
34 silly audit   'workbox-precaching': [ '6.6.0' ],
34 silly audit   'workbox-range-requests': [ '6.6.0' ],
34 silly audit   'workbox-recipes': [ '6.6.0' ],
34 silly audit   'workbox-routing': [ '6.6.0' ],
34 silly audit   'workbox-strategies': [ '6.6.0' ],
34 silly audit   'workbox-streams': [ '6.6.0' ],
34 silly audit   'workbox-sw': [ '6.6.0' ],
34 silly audit   'workbox-webpack-plugin': [ '6.6.0' ],
34 silly audit   'workbox-window': [ '6.6.0' ],
34 silly audit   'wrap-ansi': [ '7.0.0' ],
34 silly audit   wrappy: [ '1.0.2' ],
34 silly audit   'write-file-atomic': [ '3.0.3' ],
34 silly audit   'xml-name-validator': [ '3.0.0' ],
34 silly audit   xmlchars: [ '2.2.0' ],
34 silly audit   y18n: [ '5.0.8' ],
34 silly audit   yallist: [ '3.1.1' ],
34 silly audit   yargs: [ '16.2.2' ],
34 silly audit   'yargs-parser': [ '20.2.9' ],
34 silly audit   yn: [ '3.1.1' ],
34 silly audit   'yocto-queue': [ '0.1.0' ],
34 silly audit   zod: [ '3.24.4' ],
34 silly audit   'json-schema-traverse': [ '1.0.0' ]
34 silly audit }
35 http cache fsevents@https://registry.npmjs.org/fsevents/-/fsevents-2.3.3.tgz 0ms (cache hit)
36 http cache json-schema-traverse@https://registry.npmjs.org/json-schema-traverse/-/json-schema-traverse-1.0.0.tgz 0ms (cache hit)
37 http cache ajv@https://registry.npmjs.org/ajv/-/ajv-8.20.0.tgz 0ms (cache hit)
38 http fetch POST 200 https://registry.npmjs.org/-/npm/v1/security/advisories/bulk 312ms
39 silly audit report {
39 silly audit report   '@eslint/plugin-kit': [
39 silly audit report     {
39 silly audit report       id: 1106734,
39 silly audit report       url: 'https://github.com/advisories/GHSA-xffm-g5w8-qvg7',
39 silly audit report       title: '@eslint/plugin-kit is vulnerable to Regular Expression Denial of Service attacks through ConfigCommentParser',
39 silly audit report       severity: 'low',
39 silly audit report       vulnerable_versions: '<0.3.4',
39 silly audit report       cwe: [Array],
39 silly audit report       cvss: [Object]
39 silly audit report     }
39 silly audit report   ],
39 silly audit report   'js-yaml': [
39 silly audit report     {
39 silly audit report       id: 1120792,
39 silly audit report       url: 'https://github.com/advisories/GHSA-h67p-54hq-rp68',
39 silly audit report       title: 'JS-YAML: Quadratic-complexity DoS in merge key handling via repeated aliases',
39 silly audit report       severity: 'moderate',
39 silly audit report       vulnerable_versions: '<=4.1.1',
39 silly audit report       cwe: [Array],
39 silly audit report       cvss: [Object]
39 silly audit report     }
39 silly audit report   ],
39 silly audit report   '@tootallnate/once': [
39 silly audit report     {
39 silly audit report       id: 1119438,
39 silly audit report       url: 'https://github.com/advisories/GHSA-vpq2-c234-7xj6',
39 silly audit report       title: '@tootallnate/once vulnerable to Incorrect Control Flow Scoping',
39 silly audit report       severity: 'low',
39 silly audit report       vulnerable_versions: '<2.0.1',
39 silly audit report       cwe: [Array],
39 silly audit report       cvss: [Object]
39 silly audit report     }
39 silly audit report   ],
39 silly audit report   'nth-check': [
39 silly audit report     {
39 silly audit report       id: 1095141,
39 silly audit report       url: 'https://github.com/advisories/GHSA-rp65-9cf3-cjxr',
39 silly audit report       title: 'Inefficient Regular Expression Complexity in nth-check',
39 silly audit report       severity: 'high',
39 silly audit report       vulnerable_versions: '<2.0.1',
39 silly audit report       cwe: [Array],
39 silly audit report       cvss: [Object]
39 silly audit report     }
39 silly audit report   ],
39 silly audit report   postcss: [
39 silly audit report     {
39 silly audit report       id: 1109574,
39 silly audit report       url: 'https://github.com/advisories/GHSA-7fh5-64p2-3v2j',
39 silly audit report       title: 'PostCSS line return parsing error',
39 silly audit report       severity: 'moderate',
39 silly audit report       vulnerable_versions: '<8.4.31',
39 silly audit report       cwe: [Array],
39 silly audit report       cvss: [Object]
39 silly audit report     },
39 silly audit report     {
39 silly audit report       id: 1117015,
39 silly audit report       url: 'https://github.com/advisories/GHSA-qx2v-qp2m-jg93',
39 silly audit report       title: 'PostCSS has XSS via Unescaped </style> in its CSS Stringify Output',
39 silly audit report       severity: 'moderate',
39 silly audit report       vulnerable_versions: '<8.5.10',
39 silly audit report       cwe: [Array],
39 silly audit report       cvss: [Object]
39 silly audit report     }
39 silly audit report   ],
39 silly audit report   'react-router': [
39 silly audit report     {
39 silly audit report       id: 1120807,
39 silly audit report       url: 'https://github.com/advisories/GHSA-84g9-w2xq-vcv6',
39 silly audit report       title: 'React Router: Potential CSRF via PUT/PATCH/DELETE document requests',
39 silly audit report       severity: 'low',
39 silly audit report       vulnerable_versions: '>=7.12.0 <7.15.1',
39 silly audit report       cwe: [Array],
39 silly audit report       cvss: [Object]
39 silly audit report     }
39 silly audit report   ],
39 silly audit report   'serialize-javascript': [
39 silly audit report     {
39 silly audit report       id: 1119440,
39 silly audit report       url: 'https://github.com/advisories/GHSA-qj8w-gfj5-8c6v',
39 silly audit report       title: 'Serialize JavaScript has CPU Exhaustion Denial of Service via crafted array-like objects',
39 silly audit report       severity: 'moderate',
39 silly audit report       vulnerable_versions: '>=5.0.0 <7.0.5',
39 silly audit report       cwe: [Array],
39 silly audit report       cvss: [Object]
39 silly audit report     },
39 silly audit report     {
39 silly audit report       id: 1113686,
39 silly audit report       url: 'https://github.com/advisories/GHSA-5c6j-r48x-rmvq',
39 silly audit report       title: 'Serialize JavaScript is Vulnerable to RCE via RegExp.flags and Date.prototype.toISOString()',
39 silly audit report       severity: 'high',
39 silly audit report       vulnerable_versions: '<=7.0.2',
39 silly audit report       cwe: [Array],
39 silly audit report       cvss: [Object]
39 silly audit report     }
39 silly audit report   ],
39 silly audit report   underscore: [
39 silly audit report     {
39 silly audit report       id: 1117689,
39 silly audit report       url: 'https://github.com/advisories/GHSA-qpx9-hpmf-5gmw',
39 silly audit report       title: 'Underscore has unlimited recursion in _.flatten and _.isEqual, potential for DoS attack',
39 silly audit report       severity: 'high',
39 silly audit report       vulnerable_versions: '<=1.13.7',
39 silly audit report       cwe: [Array],
39 silly audit report       cvss: [Object]
39 silly audit report     }
39 silly audit report   ],
39 silly audit report   uuid: [
39 silly audit report     {
39 silly audit report       id: 1119441,
39 silly audit report       url: 'https://github.com/advisories/GHSA-w5hq-g745-h8pq',
39 silly audit report       title: 'uuid: Missing buffer bounds check in v3/v5/v6 when buf is provided',
39 silly audit report       severity: 'moderate',
39 silly audit report       vulnerable_versions: '<11.1.1',
39 silly audit report       cwe: [Array],
39 silly audit report       cvss: [Object]
39 silly audit report     }
39 silly audit report   ],
39 silly audit report   'webpack-dev-server': [
39 silly audit report     {
39 silly audit report       id: 1108429,
39 silly audit report       url: 'https://github.com/advisories/GHSA-9jgg-88mc-972h',
39 silly audit report       title: "webpack-dev-server users' source code may be stolen when they access a malicious web site with non-Chromium based browser",
39 silly audit report       severity: 'moderate',
39 silly audit report       vulnerable_versions: '<=5.2.0',
39 silly audit report       cwe: [Array],
39 silly audit report       cvss: [Object]
39 silly audit report     },
39 silly audit report     {
39 silly audit report       id: 1108430,
39 silly audit report       url: 'https://github.com/advisories/GHSA-4v9v-hfq4-rm2v',
39 silly audit report       title: "webpack-dev-server users' source code may be stolen when they access a malicious web site",
39 silly audit report       severity: 'moderate',
39 silly audit report       vulnerable_versions: '<=5.2.0',
39 silly audit report       cwe: [Array],
39 silly audit report       cvss: [Object]
39 silly audit report     },
39 silly audit report     {
39 silly audit report       id: 1119074,
39 silly audit report       url: 'https://github.com/advisories/GHSA-79cf-xcqc-c78w',
39 silly audit report       title: 'webpack-dev-server vulnerable to cross-origin source code exposure on non-HTTPS origins',
39 silly audit report       severity: 'moderate',
39 silly audit report       vulnerable_versions: '<=5.2.3',
39 silly audit report       cwe: [Array],
39 silly audit report       cvss: [Object]
39 silly audit report     },
39 silly audit report     {
39 silly audit report       id: 1121087,
39 silly audit report       url: 'https://github.com/advisories/GHSA-mx8g-39q3-5c79',
39 silly audit report       title: 'webpack-dev-server vulnerable to HMR WebSocket interception via permissive user proxies',
39 silly audit report       severity: 'moderate',
39 silly audit report       vulnerable_versions: '<5.2.5',
39 silly audit report       cwe: [Array],
39 silly audit report       cvss: [Object]
39 silly audit report     }
39 silly audit report   ]
39 silly audit report }
40 silly packumentCache corgi:https://registry.npmjs.org/@eslint%2fplugin-kit cache-miss
41 silly packumentCache corgi:https://registry.npmjs.org/js-yaml cache-miss
42 silly packumentCache corgi:https://registry.npmjs.org/@tootallnate%2fonce cache-miss
43 silly packumentCache corgi:https://registry.npmjs.org/nth-check cache-miss
44 silly packumentCache corgi:https://registry.npmjs.org/postcss cache-miss
45 silly packumentCache corgi:https://registry.npmjs.org/react-router cache-miss
46 silly packumentCache corgi:https://registry.npmjs.org/serialize-javascript cache-miss
47 silly packumentCache corgi:https://registry.npmjs.org/underscore cache-miss
48 silly packumentCache corgi:https://registry.npmjs.org/uuid cache-miss
49 silly packumentCache corgi:https://registry.npmjs.org/webpack-dev-server cache-miss
50 http cache https://registry.npmjs.org/@tootallnate%2fonce 950ms (cache hit)
51 silly packumentCache corgi:https://registry.npmjs.org/@tootallnate%2fonce set size:11748 disposed:false
52 http cache https://registry.npmjs.org/underscore 948ms (cache hit)
53 silly packumentCache corgi:https://registry.npmjs.org/underscore set size:54625 disposed:false
54 http cache https://registry.npmjs.org/js-yaml 952ms (cache hit)
55 silly packumentCache corgi:https://registry.npmjs.org/js-yaml set size:61746 disposed:false
56 http cache https://registry.npmjs.org/serialize-javascript 951ms (cache hit)
57 silly packumentCache corgi:https://registry.npmjs.org/serialize-javascript set size:36918 disposed:false
58 http cache https://registry.npmjs.org/nth-check 953ms (cache hit)
59 silly packumentCache corgi:https://registry.npmjs.org/nth-check set size:12198 disposed:false
60 http cache https://registry.npmjs.org/uuid 951ms (cache hit)
61 silly packumentCache corgi:https://registry.npmjs.org/uuid set size:82973 disposed:false
62 http cache https://registry.npmjs.org/react-router 955ms (cache hit)
63 silly packumentCache corgi:https://registry.npmjs.org/react-router set size:1341275 disposed:false
64 http cache https://registry.npmjs.org/webpack-dev-server 971ms (cache hit)
65 silly packumentCache corgi:https://registry.npmjs.org/webpack-dev-server set size:464975 disposed:false
66 http cache https://registry.npmjs.org/postcss 980ms (cache hit)
67 silly packumentCache corgi:https://registry.npmjs.org/postcss set size:344717 disposed:false
68 http cache https://registry.npmjs.org/@eslint%2fplugin-kit 985ms (cache hit)
69 silly packumentCache corgi:https://registry.npmjs.org/@eslint%2fplugin-kit set size:21704 disposed:false
70 silly packumentCache corgi:https://registry.npmjs.org/eslint cache-miss
71 http cache https://registry.npmjs.org/eslint 4ms (cache hit)
72 silly packumentCache corgi:https://registry.npmjs.org/eslint set size:1163235 disposed:false
73 silly packumentCache corgi:https://registry.npmjs.org/@istanbuljs%2fload-nyc-config cache-miss
74 silly packumentCache corgi:https://registry.npmjs.org/svgo cache-miss
75 http cache https://registry.npmjs.org/@istanbuljs%2fload-nyc-config 9ms (cache hit)
76 silly packumentCache corgi:https://registry.npmjs.org/@istanbuljs%2fload-nyc-config set size:8602 disposed:false
77 http cache https://registry.npmjs.org/svgo 9ms (cache hit)
78 silly packumentCache corgi:https://registry.npmjs.org/svgo set size:138618 disposed:false
79 silly packumentCache corgi:https://registry.npmjs.org/http-proxy-agent cache-miss
80 http cache https://registry.npmjs.org/http-proxy-agent 4ms (cache hit)
81 silly packumentCache corgi:https://registry.npmjs.org/http-proxy-agent set size:25530 disposed:false
82 silly packumentCache corgi:https://registry.npmjs.org/css-select cache-miss
83 http cache https://registry.npmjs.org/css-select 6ms (cache hit)
84 silly packumentCache corgi:https://registry.npmjs.org/css-select set size:49649 disposed:false
85 silly packumentCache corgi:https://registry.npmjs.org/resolve-url-loader cache-miss
86 http cache https://registry.npmjs.org/resolve-url-loader 6ms (cache hit)
87 silly packumentCache corgi:https://registry.npmjs.org/resolve-url-loader set size:61938 disposed:false
88 silly packumentCache corgi:https://registry.npmjs.org/react-router-dom cache-miss
89 http cache https://registry.npmjs.org/react-router-dom 8ms (cache hit)
90 silly packumentCache corgi:https://registry.npmjs.org/react-router-dom set size:1060654 disposed:false
91 silly packumentCache corgi:https://registry.npmjs.org/css-minimizer-webpack-plugin cache-miss
92 http cache https://registry.npmjs.org/css-minimizer-webpack-plugin 3ms (cache hit)
93 silly packumentCache corgi:https://registry.npmjs.org/css-minimizer-webpack-plugin set size:92918 disposed:false
94 silly packumentCache corgi:https://registry.npmjs.org/rollup-plugin-terser cache-miss
95 http cache https://registry.npmjs.org/rollup-plugin-terser 3ms (cache hit)
96 silly packumentCache corgi:https://registry.npmjs.org/rollup-plugin-terser set size:47323 disposed:false
97 silly packumentCache corgi:https://registry.npmjs.org/jsonpath cache-miss
98 http cache https://registry.npmjs.org/jsonpath 3ms (cache hit)
99 silly packumentCache corgi:https://registry.npmjs.org/jsonpath set size:24482 disposed:false
100 silly packumentCache corgi:https://registry.npmjs.org/sockjs cache-miss
101 http cache https://registry.npmjs.org/sockjs 2ms (cache hit)
102 silly packumentCache corgi:https://registry.npmjs.org/sockjs set size:25891 disposed:false
103 silly packumentCache corgi:https://registry.npmjs.org/react-scripts cache-miss
104 http cache https://registry.npmjs.org/react-scripts 3ms (cache hit)
105 silly packumentCache corgi:https://registry.npmjs.org/react-scripts set size:342451 disposed:false
106 silly packumentCache corgi:https://registry.npmjs.org/babel-plugin-istanbul cache-miss
107 http cache https://registry.npmjs.org/babel-plugin-istanbul 3ms (cache hit)
108 silly packumentCache corgi:https://registry.npmjs.org/babel-plugin-istanbul set size:51556 disposed:false
109 silly packumentCache corgi:https://registry.npmjs.org/@svgr%2fplugin-svgo cache-miss
110 http cache https://registry.npmjs.org/@svgr%2fplugin-svgo 2ms (cache hit)
111 silly packumentCache corgi:https://registry.npmjs.org/@svgr%2fplugin-svgo set size:36570 disposed:false
112 silly packumentCache corgi:https://registry.npmjs.org/jsdom cache-miss
113 http cache https://registry.npmjs.org/jsdom 3ms (cache hit)
114 silly packumentCache corgi:https://registry.npmjs.org/jsdom set size:383595 disposed:false
115 silly packumentCache corgi:https://registry.npmjs.org/workbox-build cache-miss
116 http cache https://registry.npmjs.org/workbox-build 4ms (cache hit)
117 silly packumentCache corgi:https://registry.npmjs.org/workbox-build set size:194410 disposed:false
118 silly packumentCache corgi:https://registry.npmjs.org/bfj cache-miss
119 http cache https://registry.npmjs.org/bfj 3ms (cache hit)
120 silly packumentCache corgi:https://registry.npmjs.org/bfj set size:39803 disposed:false
121 silly packumentCache corgi:https://registry.npmjs.org/@jest%2ftransform cache-miss
122 silly packumentCache corgi:https://registry.npmjs.org/babel-jest cache-miss
123 http cache https://registry.npmjs.org/babel-jest 5ms (cache hit)
124 silly packumentCache corgi:https://registry.npmjs.org/babel-jest set size:369532 disposed:false
125 http cache https://registry.npmjs.org/@jest%2ftransform 10ms (cache hit)
126 silly packumentCache corgi:https://registry.npmjs.org/@jest%2ftransform set size:292241 disposed:false
127 silly packumentCache corgi:https://registry.npmjs.org/@svgr%2fwebpack cache-miss
128 http cache https://registry.npmjs.org/@svgr%2fwebpack 5ms (cache hit)
129 silly packumentCache corgi:https://registry.npmjs.org/@svgr%2fwebpack set size:85201 disposed:false
130 silly packumentCache corgi:https://registry.npmjs.org/jest-environment-jsdom cache-miss
131 http cache https://registry.npmjs.org/jest-environment-jsdom 5ms (cache hit)
132 silly packumentCache corgi:https://registry.npmjs.org/jest-environment-jsdom set size:347321 disposed:false
133 silly packumentCache corgi:https://registry.npmjs.org/workbox-webpack-plugin cache-miss
134 http cache https://registry.npmjs.org/workbox-webpack-plugin 4ms (cache hit)
135 silly packumentCache corgi:https://registry.npmjs.org/workbox-webpack-plugin set size:136237 disposed:false
136 silly packumentCache corgi:https://registry.npmjs.org/jest-config cache-miss
137 http cache https://registry.npmjs.org/jest-config 4ms (cache hit)
138 silly packumentCache corgi:https://registry.npmjs.org/jest-config set size:529999 disposed:false
139 silly packumentCache corgi:https://registry.npmjs.org/@jest%2fcore cache-miss
140 silly packumentCache corgi:https://registry.npmjs.org/@jest%2freporters cache-miss
141 silly packumentCache corgi:https://registry.npmjs.org/jest-runner cache-miss
142 silly packumentCache corgi:https://registry.npmjs.org/jest-runtime cache-miss
143 silly packumentCache corgi:https://registry.npmjs.org/jest-snapshot cache-miss
144 http cache https://registry.npmjs.org/jest-runtime 8ms (cache hit)
145 silly packumentCache corgi:https://registry.npmjs.org/jest-runtime set size:570248 disposed:false
146 http cache https://registry.npmjs.org/@jest%2freporters 15ms (cache hit)
147 silly packumentCache corgi:https://registry.npmjs.org/@jest%2freporters set size:377733 disposed:false
148 http cache https://registry.npmjs.org/jest-snapshot 18ms (cache hit)
149 silly packumentCache corgi:https://registry.npmjs.org/jest-snapshot set size:471203 disposed:false
150 http cache https://registry.npmjs.org/jest-runner 23ms (cache hit)
151 silly packumentCache corgi:https://registry.npmjs.org/jest-runner set size:451040 disposed:false
152 http cache https://registry.npmjs.org/@jest%2fcore 28ms (cache hit)
153 silly packumentCache corgi:https://registry.npmjs.org/@jest%2fcore set size:388923 disposed:false
154 silly packumentCache corgi:https://registry.npmjs.org/jest-cli cache-miss
155 http cache https://registry.npmjs.org/jest-cli 4ms (cache hit)
156 silly packumentCache corgi:https://registry.npmjs.org/jest-cli set size:642191 disposed:false
157 silly packumentCache corgi:https://registry.npmjs.org/@jest%2ftest-sequencer cache-miss
158 silly packumentCache corgi:https://registry.npmjs.org/jest-circus cache-miss
159 silly packumentCache corgi:https://registry.npmjs.org/jest-jasmine2 cache-miss
160 http cache https://registry.npmjs.org/@jest%2ftest-sequencer 24ms (cache hit)
161 silly packumentCache corgi:https://registry.npmjs.org/@jest%2ftest-sequencer set size:227434 disposed:false
162 http cache https://registry.npmjs.org/jest-jasmine2 27ms (cache hit)
163 silly packumentCache corgi:https://registry.npmjs.org/jest-jasmine2 set size:463991 disposed:false
164 http cache https://registry.npmjs.org/jest-circus 34ms (cache hit)
165 silly packumentCache corgi:https://registry.npmjs.org/jest-circus set size:452710 disposed:false
166 silly packumentCache corgi:https://registry.npmjs.org/jest-resolve-dependencies cache-miss
167 http cache https://registry.npmjs.org/jest-resolve-dependencies 11ms (cache hit)
168 silly packumentCache corgi:https://registry.npmjs.org/jest-resolve-dependencies set size:349313 disposed:false
169 silly packumentCache corgi:https://registry.npmjs.org/jest cache-miss
170 http cache https://registry.npmjs.org/jest 5ms (cache hit)
171 silly packumentCache corgi:https://registry.npmjs.org/jest set size:408741 disposed:false
172 silly ADD node_modules/fsevents
173 silly REMOVE node_modules/workbox-build/node_modules/json-schema-traverse
174 silly REMOVE node_modules/workbox-build/node_modules/ajv
175 silly REMOVE node_modules/uri-js
176 silly REMOVE node_modules/schema-utils/node_modules/json-schema-traverse
177 silly REMOVE node_modules/schema-utils/node_modules/ajv
178 silly CHANGE node_modules/json-schema-traverse
179 silly REMOVE node_modules/ajv-formats/node_modules/json-schema-traverse
180 silly REMOVE node_modules/ajv-formats/node_modules/ajv
181 silly CHANGE node_modules/ajv
182 verbose cwd /Users/admin/Downloads/saudi-pool-services/frontend
183 verbose os Darwin 25.4.0
184 verbose node v26.0.0
185 verbose npm  v11.12.1
186 verbose exit 0
187 info ok
